<html>
<body>
<pre>
<h1>礦ision Build Log</h1>
<h2>Tool Versions:</h2>
IDE-Version: μVision V5.15
Copyright (C) 2015 ARM Ltd and ARM Germany GmbH. All rights reserved.
License Information: 123 shubin, 123, LIC=----
 
Tool Versions:
Toolchain:       MDK-ARM Standard  Version: 5.15.0
Toolchain Path:  C:\Keil_v5\ARM\ARMCC\Bin
C Compiler:      Armcc.exe V5.05 update 2 (build 169)
Assembler:       Armasm.exe V5.05 update 2 (build 169)
Linker/Locator:  ArmLink.exe V5.05 update 2 (build 169)
Library Manager: ArmAr.exe V5.05 update 2 (build 169)
Hex Converter:   FromElf.exe V5.05 update 2 (build 169)
CPU DLL:         SARMCM3.DLL V5.15.0
Dialog DLL:      DARMSTM.DLL V1.65.0.0
Target DLL:      UL2CM3.DLL V1.155.8.0
Dialog DLL:      TARMSTM.DLL V1.64.0.0
 
<h2>Project:</h2>
C:\Users\shubin\Documents\嵌入式project\串口实验\project.uvprojx
Project File Date:  06/17/2017

<h2>Output:</h2>
*** Using Compiler 'V5.05 update 2 (build 169)', folder: 'C:\Keil_v5\ARM\ARMCC\Bin'
Rebuild target 'Target 1'
compiling code.c...
compiling stm32f10x_gpio.c...
compiling stm32f10x_rcc.c...
compiling stm32f10x_usart.c...
assembling startup_stm32f10x_md.s...
compiling system_stm32f10x.c...
linking...
Program Size: Code=2424 RO-data=268 RW-data=116 ZI-data=1716  
".\Objects\project.axf" - 0 Error(s), 0 Warning(s).

<h2>Software Packages used:</h2>

Package Vendor: ARM
                http://www.keil.com/pack/ARM.CMSIS.4.3.0.pack
                ARM::CMSIS:CORE:4.1.0
                CMSIS (Cortex Microcontroller Software Interface Standard)
   * Component: CORE Version: 4.1.0

Package Vendor: Keil
                http://www.keil.com/pack/Keil.STM32F1xx_DFP.2.1.0.pack
                Keil::Device:StdPeriph Drivers:RCC:3.5.0
                STMicroelectronics STM32F1 Series Device Support, Drivers and Examples
   * Component: RCC Version: 3.5.0
   * Component: GPIO Version: 3.5.0
   * Component: USART Version: 3.5.0
   * Component: Startup Version: 1.0.0

<h2>Collection of Component include folders:</h2>
  C:\Users\shubin\Documents\嵌入式project\串口实验\RTE
  C:\Users\shubin\Documents\嵌入式project\串口实验\RTE\Device\STM32F103C8
  C:\Keil_v5\ARM\PACK\ARM\CMSIS\4.3.0\CMSIS\Include
  C:\Keil_v5\ARM\PACK\Keil\STM32F1xx_DFP\2.1.0\Device\Include
  C:\Keil_v5\ARM\PACK\Keil\STM32F1xx_DFP\2.1.0\Device\StdPeriph_Driver\inc

<h2>Collection of Component Files used:</h2>

   * Component: ARM::CMSIS:CORE:4.1.0

   * Component: Keil::Device:StdPeriph Drivers:RCC:3.5.0
      Include file:  Device\StdPeriph_Driver\inc\stm32f10x_rcc.h
      Source file:   Device\StdPeriph_Driver\src\stm32f10x_rcc.c

   * Component: Keil::Device:StdPeriph Drivers:GPIO:3.5.0
      Source file:   Device\StdPeriph_Driver\src\stm32f10x_gpio.c
      Include file:  Device\StdPeriph_Driver\inc\stm32f10x_gpio.h

   * Component: Keil::Device:StdPeriph Drivers:USART:3.5.0
      Source file:   Device\StdPeriph_Driver\src\stm32f10x_usart.c
      Include file:  Device\StdPeriph_Driver\inc\stm32f10x_usart.h

   * Component: Keil::Device:Startup:1.0.0
      Source file:   Device\Source\ARM\startup_stm32f10x_md.s
      Source file:   Device\Source\system_stm32f10x.c
      Source file:   Device\Source\ARM\STM32F1xx_OPT.s
      Include file:  RTE_Driver\Config\RTE_Device.h
</pre>
</body>
</html>
