Component: ARM Compiler 5.05 update 2 (build 169) Tool: armlink [4d0f33]

==============================================================================

Section Cross References

    code.o(i.GP2Y_ADC_init) refers to stm32f10x_rcc.o(i.RCC_APB2PeriphClockCmd) for RCC_APB2PeriphClockCmd
    code.o(i.GP2Y_ADC_init) refers to stm32f10x_rcc.o(i.RCC_ADCCLKConfig) for RCC_ADCCLKConfig
    code.o(i.GP2Y_ADC_init) refers to stm32f10x_adc.o(i.ADC_DeInit) for ADC_DeInit
    code.o(i.GP2Y_ADC_init) refers to stm32f10x_gpio.o(i.GPIO_Init) for GPIO_Init
    code.o(i.GP2Y_ADC_init) refers to stm32f10x_adc.o(i.ADC_Init) for ADC_Init
    code.o(i.GP2Y_ADC_init) refers to stm32f10x_adc.o(i.ADC_RegularChannelConfig) for ADC_RegularChannelConfig
    code.o(i.GP2Y_ADC_init) refers to stm32f10x_adc.o(i.ADC_Cmd) for ADC_Cmd
    code.o(i.GP2Y_ADC_init) refers to stm32f10x_adc.o(i.ADC_ResetCalibration) for ADC_ResetCalibration
    code.o(i.GP2Y_ADC_init) refers to stm32f10x_adc.o(i.ADC_GetResetCalibrationStatus) for ADC_GetResetCalibrationStatus
    code.o(i.GP2Y_ADC_init) refers to stm32f10x_adc.o(i.ADC_StartCalibration) for ADC_StartCalibration
    code.o(i.GP2Y_ADC_init) refers to stm32f10x_adc.o(i.ADC_GetCalibrationStatus) for ADC_GetCalibrationStatus
    code.o(i.GP2Y_ADC_init) refers to stm32f10x_adc.o(i.ADC_SoftwareStartConvCmd) for ADC_SoftwareStartConvCmd
    code.o(i.GP2Y_ADC_init) refers to stm32f10x_gpio.o(i.GPIO_SetBits) for GPIO_SetBits
    code.o(i.GPIO_Configuration) refers to stm32f10x_gpio.o(i.GPIO_Init) for GPIO_Init
    code.o(i.GPIO_Configuration) refers to stm32f10x_gpio.o(i.GPIO_SetBits) for GPIO_SetBits
    code.o(i.GPIO_Configuration) refers to stm32f10x_gpio.o(i.GPIO_ResetBits) for GPIO_ResetBits
    code.o(i.GetGP2YAverageValue) refers to code.o(i.GetGP2YSingleValue) for GetGP2YSingleValue
    code.o(i.GetGP2YSingleValue) refers to stm32f10x_gpio.o(i.GPIO_ResetBits) for GPIO_ResetBits
    code.o(i.GetGP2YSingleValue) refers to delay.o(i.delay_us) for delay_us
    code.o(i.GetGP2YSingleValue) refers to stm32f10x_adc.o(i.ADC_SoftwareStartConvCmd) for ADC_SoftwareStartConvCmd
    code.o(i.GetGP2YSingleValue) refers to stm32f10x_adc.o(i.ADC_GetFlagStatus) for ADC_GetFlagStatus
    code.o(i.GetGP2YSingleValue) refers to stm32f10x_adc.o(i.ADC_GetConversionValue) for ADC_GetConversionValue
    code.o(i.GetGP2YSingleValue) refers to stm32f10x_gpio.o(i.GPIO_SetBits) for GPIO_SetBits
    code.o(i.GetGP2YSingleValue) refers to dflt_clz.o(x$fpl$dfltu) for __aeabi_ui2d
    code.o(i.GetGP2YSingleValue) refers to dmul.o(x$fpl$dmul) for __aeabi_dmul
    code.o(i.GetGP2YSingleValue) refers to ddiv.o(x$fpl$ddiv) for __aeabi_ddiv
    code.o(i.GetGP2YSingleValue) refers to d2f.o(x$fpl$d2f) for __aeabi_d2f
    code.o(i.GetGP2YSingleValue) refers to faddsub_clz.o(x$fpl$fadd) for __aeabi_fadd
    code.o(i.GetGP2YSingleValue) refers to fmul.o(x$fpl$fmul) for __aeabi_fmul
    code.o(i.GetGP2YSingleValue) refers to fdiv.o(x$fpl$fdiv) for __aeabi_fdiv
    code.o(i.GetGP2YSingleValue) refers to ffixu.o(x$fpl$ffixu) for __aeabi_f2uiz
    code.o(i.NVIC_Configuration) refers to code.o(i.NVIC_PriorityGroupConfig) for NVIC_PriorityGroupConfig
    code.o(i.NVIC_Configuration) refers to code.o(i.NVIC_Init) for NVIC_Init
    code.o(i.RCC_Configuration) refers to system_stm32f10x.o(i.SystemInit) for SystemInit
    code.o(i.RCC_Configuration) refers to stm32f10x_rcc.o(i.RCC_APB2PeriphClockCmd) for RCC_APB2PeriphClockCmd
    code.o(i.main) refers to _printf_percent.o(.ARM.Collect$$_printf_percent$$00000000) for _printf_percent
    code.o(i.main) refers to _printf_d.o(.ARM.Collect$$_printf_percent$$00000009) for _printf_d
    code.o(i.main) refers to _printf_dec.o(.text) for _printf_int_dec
    code.o(i.main) refers to _printf_x.o(.ARM.Collect$$_printf_percent$$0000000C) for _printf_x
    code.o(i.main) refers to _printf_f.o(.ARM.Collect$$_printf_percent$$00000003) for _printf_f
    code.o(i.main) refers to _printf_hex_int.o(.text) for _printf_longlong_hex
    code.o(i.main) refers to printf1.o(x$fpl$printf1) for _printf_fp_dec
    code.o(i.main) refers to _printf_c.o(.ARM.Collect$$_printf_percent$$00000013) for _printf_c
    code.o(i.main) refers to _printf_str.o(.text) for _printf_str
    code.o(i.main) refers to code.o(i.RCC_Configuration) for RCC_Configuration
    code.o(i.main) refers to code.o(i.NVIC_Configuration) for NVIC_Configuration
    code.o(i.main) refers to code.o(i.GPIO_Configuration) for GPIO_Configuration
    code.o(i.main) refers to sds011.o(i.sds011_USART_Init) for sds011_USART_Init
    code.o(i.main) refers to arofene.o(i.arofene_USART_Init) for arofene_USART_Init
    code.o(i.main) refers to delay.o(i.delay_init) for delay_init
    code.o(i.main) refers to code.o(i.GP2Y_ADC_init) for GP2Y_ADC_init
    code.o(i.main) refers to wifi.o(i.WIFI_UART_INIT) for WIFI_UART_INIT
    code.o(i.main) refers to lcd1602.o(i.l1602_INIT) for l1602_INIT
    code.o(i.main) refers to bh1750.o(i.GPIOConfig) for GPIOConfig
[...]
    i.ADC_Init                               0x0800151c   Section        0  stm32f10x_adc.o(i.ADC_Init)
    i.ADC_RegularChannelConfig               0x0800156c   Section        0  stm32f10x_adc.o(i.ADC_RegularChannelConfig)
    i.ADC_ResetCalibration                   0x08001624   Section        0  stm32f10x_adc.o(i.ADC_ResetCalibration)
    i.ADC_SoftwareStartConvCmd               0x0800162e   Section        0  stm32f10x_adc.o(i.ADC_SoftwareStartConvCmd)
    i.ADC_StartCalibration                   0x08001644   Section        0  stm32f10x_adc.o(i.ADC_StartCalibration)
    i.BH1750_RecvACK                         0x08001650   Section        0  bh1750.o(i.BH1750_RecvACK)
    i.BH1750_RecvByte                        0x080016b8   Section        0  bh1750.o(i.BH1750_RecvByte)
    i.BH1750_SendACK                         0x08001730   Section        0  bh1750.o(i.BH1750_SendACK)
    i.BH1750_SendByte                        0x0800178c   Section        0  bh1750.o(i.BH1750_SendByte)
    i.BH1750_Start                           0x080017dc   Section        0  bh1750.o(i.BH1750_Start)
    i.BH1750_Stop                            0x0800180c   Section        0  bh1750.o(i.BH1750_Stop)
    i.BKP_ReadBackupRegister                 0x08001834   Section        0  rtc.o(i.BKP_ReadBackupRegister)
    i.BKP_WriteBackupRegister                0x08001850   Section        0  rtc.o(i.BKP_WriteBackupRegister)
    i.BusFault_Handler                       0x0800186c   Section        0  code.o(i.BusFault_Handler)
    i.DATA                                   0x08001870   Section        0  lcd1602.o(i.DATA)
    i.DHT11_Check                            0x08001958   Section        0  dht11.o(i.DHT11_Check)
    i.DHT11_Init                             0x080019c8   Section        0  dht11.o(i.DHT11_Init)
    i.DHT11_Read_Bit                         0x08001a10   Section        0  dht11.o(i.DHT11_Read_Bit)
    i.DHT11_Read_Byte                        0x08001a5c   Section        0  dht11.o(i.DHT11_Read_Byte)
    i.DHT11_Read_Data                        0x08001a7a   Section        0  dht11.o(i.DHT11_Read_Data)
    i.DHT11_Rst                              0x08001ad4   Section        0  dht11.o(i.DHT11_Rst)
    i.DebugMon_Handler                       0x08001b14   Section        0  code.o(i.DebugMon_Handler)
    i.Delay_5us                              0x08001b16   Section        0  bh1750.o(i.Delay_5us)
    i.Delay_mms                              0x08001b36   Section        0  bh1750.o(i.Delay_mms)
    i.E                                      0x08001b58   Section        0  lcd1602.o(i.E)
    i.FLASH_ClearFlag                        0x08001b78   Section        0  stm32f10x_flash.o(i.FLASH_ClearFlag)
    i.FLASH_ErasePage                        0x08001b84   Section        0  stm32f10x_flash.o(i.FLASH_ErasePage)
    i.FLASH_GetBank1Status                   0x08001bd0   Section        0  stm32f10x_flash.o(i.FLASH_GetBank1Status)
    i.FLASH_Lock                             0x08001c04   Section        0  stm32f10x_flash.o(i.FLASH_Lock)
    i.FLASH_ProgramWord                      0x08001c18   Section        0  stm32f10x_flash.o(i.FLASH_ProgramWord)
    i.FLASH_Unlock                           0x08001c84   Section        0  stm32f10x_flash.o(i.FLASH_Unlock)
    i.FLASH_WaitForLastOperation             0x08001c9c   Section        0  stm32f10x_flash.o(i.FLASH_WaitForLastOperation)
    i.GP2Y_ADC_init                          0x08001cc4   Section        0  code.o(i.GP2Y_ADC_init)
    i.GPIOConfig                             0x08001d90   Section        0  bh1750.o(i.GPIOConfig)
    i.GPIO_Configuration                     0x08001dbc   Section        0  code.o(i.GPIO_Configuration)
    i.GPIO_Configuration_arofene             0x08001e24   Section        0  arofene.o(i.GPIO_Configuration_arofene)
    i.GPIO_Configuration_sds011              0x08001e50   Section        0  sds011.o(i.GPIO_Configuration_sds011)
    i.GPIO_Configuration_wifi                0x08001e7c   Section        0  wifi.o(i.GPIO_Configuration_wifi)
    i.GPIO_Init                              0x08001ef0   Section        0  stm32f10x_gpio.o(i.GPIO_Init)
    i.GPIO_PinRemapConfig                    0x08002008   Section        0  stm32f10x_gpio.o(i.GPIO_PinRemapConfig)
    i.GPIO_ReadInputDataBit                  0x08002098   Section        0  stm32f10x_gpio.o(i.GPIO_ReadInputDataBit)
    i.GPIO_ResetBits                         0x080020aa   Section        0  stm32f10x_gpio.o(i.GPIO_ResetBits)
    i.GPIO_SetBits                           0x080020ae   Section        0  stm32f10x_gpio.o(i.GPIO_SetBits)
    i.GPIO_StructInit                        0x080020b2   Section        0  stm32f10x_gpio.o(i.GPIO_StructInit)
    i.GetGP2YSingleValue                     0x080020c4   Section        0  code.o(i.GetGP2YSingleValue)
    i.Get_gy30                               0x0800217c   Section        0  bh1750.o(i.Get_gy30)
    i.HardFault_Handler                      0x080021d8   Section        0  code.o(i.HardFault_Handler)
    i.Init_BH1750                            0x080021dc   Section        0  bh1750.o(i.Init_BH1750)
    i.Is_Leap_Year                           0x080021e6   Section        0  rtc.o(i.Is_Leap_Year)
    i.L1602_Clear                            0x08002220   Section        0  lcd1602.o(i.L1602_Clear)
    i.L1602_init                             0x08002236   Section        0  lcd1602.o(i.L1602_init)
    i.L1602_string                           0x08002270   Section        0  lcd1602.o(i.L1602_string)
    i.MemManage_Handler                      0x080022a6   Section        0  code.o(i.MemManage_Handler)
    i.NMI_Handler                            0x080022aa   Section        0  code.o(i.NMI_Handler)
    i.NVIC_Configuration                     0x080022ac   Section        0  code.o(i.NVIC_Configuration)
    i.NVIC_Configuration_arofene             0x080022da   Section        0  arofene.o(i.NVIC_Configuration_arofene)
    i.NVIC_Configuration_sds011              0x08002302   Section        0  sds011.o(i.NVIC_Configuration_sds011)
    i.NVIC_Configuration_wifi                0x0800232a   Section        0  wifi.o(i.NVIC_Configuration_wifi)
    i.NVIC_Init                              0x08002358   Section        0  code.o(i.NVIC_Init)
    i.NVIC_PriorityGroupConfig               0x080023c8   Section        0  code.o(i.NVIC_PriorityGroupConfig)
    i.PendSV_Handler                         0x080023dc   Section        0  code.o(i.PendSV_Handler)
    i.Port_Init_1602                         0x080023e0   Section        0  lcd1602.o(i.Port_Init_1602)
    i.RCC_ADCCLKConfig                       0x08002424   Section        0  stm32f10x_rcc.o(i.RCC_ADCCLKConfig)
    i.RCC_APB1PeriphClockCmd                 0x0800243c   Section        0  stm32f10x_rcc.o(i.RCC_APB1PeriphClockCmd)
    i.RCC_APB2PeriphClockCmd                 0x0800245c   Section        0  stm32f10x_rcc.o(i.RCC_APB2PeriphClockCmd)
    i.RCC_APB2PeriphResetCmd                 0x0800247c   Section        0  stm32f10x_rcc.o(i.RCC_APB2PeriphResetCmd)
    i.RCC_Configuration                      0x0800249c   Section        0  code.o(i.RCC_Configuration)
    i.RCC_Configuration_1602                 0x080024c4   Section        0  lcd1602.o(i.RCC_Configuration_1602)
    i.RCC_Configuration_arofene              0x080024ec   Section        0  arofene.o(i.RCC_Configuration_arofene)
    i.RCC_Configuration_sds011               0x0800250c   Section        0  sds011.o(i.RCC_Configuration_sds011)
    i.RCC_Configuration_wifi                 0x0800252c   Section        0  wifi.o(i.RCC_Configuration_wifi)
    i.RCC_GetClocksFreq                      0x08002554   Section        0  stm32f10x_rcc.o(i.RCC_GetClocksFreq)
    i.RS                                     0x08002628   Section        0  lcd1602.o(i.RS)
    i.RTC_ClearITPendingBit                  0x08002648   Section        0  stm32f10x_rtc.o(i.RTC_ClearITPendingBit)
    i.RTC_EnterConfigMode                    0x08002658   Section        0  stm32f10x_rtc.o(i.RTC_EnterConfigMode)
    i.RTC_ExitConfigMode                     0x0800266c   Section        0  stm32f10x_rtc.o(i.RTC_ExitConfigMode)
    i.RTC_Get                                0x08002680   Section        0  rtc.o(i.RTC_Get)
    i.RTC_GetCounter                         0x0800276c   Section        0  stm32f10x_rtc.o(i.RTC_GetCounter)
    i.RTC_GetITStatus                        0x08002780   Section        0  stm32f10x_rtc.o(i.RTC_GetITStatus)
    i.RTC_IRQHandler                         0x080027a4   Section        0  rtc.o(i.RTC_IRQHandler)
    i.RTC_ITConfig                           0x080027cc   Section        0  stm32f10x_rtc.o(i.RTC_ITConfig)
    i.RTC_Init                               0x080027ec   Section        0  rtc.o(i.RTC_Init)
    i.RTC_Set                                0x08002858   Section        0  rtc.o(i.RTC_Set)
    i.RTC_SetCounter                         0x08002914   Section        0  stm32f10x_rtc.o(i.RTC_SetCounter)
    i.RTC_WaitForLastTask                    0x08002930   Section        0  stm32f10x_rtc.o(i.RTC_WaitForLastTask)
    i.RTC_WaitForSynchro                     0x08002944   Section        0  stm32f10x_rtc.o(i.RTC_WaitForSynchro)
    i.RW                                     0x08002968   Section        0  lcd1602.o(i.RW)
    i.Read_Flash                             0x08002988   Section        0  flash.o(i.Read_Flash)
    i.SVC_Handler                            0x080029a8   Section        0  code.o(i.SVC_Handler)
    i.Send_Server                            0x080029ac   Section        0  wifi.o(i.Send_Server)
    i.SetSysClock                            0x080029e0   Section        0  system_stm32f10x.o(i.SetSysClock)
    SetSysClock                              0x080029e1   Thumb Code     8  system_stm32f10x.o(i.SetSysClock)
    i.SetSysClockTo72                        0x080029e8   Section        0  system_stm32f10x.o(i.SetSysClockTo72)
    SetSysClockTo72                          0x080029e9   Thumb Code   214  system_stm32f10x.o(i.SetSysClockTo72)
    i.Single_Write_BH1750                    0x08002ac8   Section        0  bh1750.o(i.Single_Write_BH1750)
    i.SysTick_CLKSourceConfig                0x08002ae2   Section        0  code.o(i.SysTick_CLKSourceConfig)
    i.SysTick_Handler                        0x08002b0a   Section        0  code.o(i.SysTick_Handler)
    i.SystemInit                             0x08002b0c   Section        0  system_stm32f10x.o(i.SystemInit)
    i.USART1_IRQHandler                      0x08002b6c   Section        0  arofene.o(i.USART1_IRQHandler)
    i.USART2_IRQHandler                      0x08002c04   Section        0  wifi.o(i.USART2_IRQHandler)
    i.USART3_IRQHandler                      0x08002ca8   Section        0  sds011.o(i.USART3_IRQHandler)
    i.USART_Cmd                              0x08002d7c   Section        0  stm32f10x_usart.o(i.USART_Cmd)
    i.USART_Configuration_arofene            0x08002d94   Section        0  arofene.o(i.USART_Configuration_arofene)
    i.USART_Configuration_sds011             0x08002dd8   Section        0  sds011.o(i.USART_Configuration_sds011)
    i.USART_Configuration_wifi               0x08002e1c   Section        0  wifi.o(i.USART_Configuration_wifi)
    i.USART_GetITStatus                      0x08002e6c   Section        0  stm32f10x_usart.o(i.USART_GetITStatus)
    i.USART_ITConfig                         0x08002ec0   Section        0  stm32f10x_usart.o(i.USART_ITConfig)
    i.USART_Init                             0x08002f0c   Section        0  stm32f10x_usart.o(i.USART_Init)
    i.USART_ReceiveData                      0x08002fe4   Section        0  stm32f10x_usart.o(i.USART_ReceiveData)
    i.USART_SendData                         0x08002fee   Section        0  stm32f10x_usart.o(i.USART_SendData)
    i.UsageFault_Handler                     0x08002ff6   Section        0  code.o(i.UsageFault_Handler)
    i.WIFI_UART_INIT                         0x08002ffa   Section        0  wifi.o(i.WIFI_UART_INIT)
    i.Write_Flash                            0x08003010   Section        0  flash.o(i.Write_Flash)
    i.__ARM_fpclassify                       0x08003078   Section        0  fpclassify.o(i.__ARM_fpclassify)
    i._is_digit                              0x080030a0   Section        0  __printf_wp.o(i._is_digit)
    i.arofene_USART_Init                     0x080030ae   Section        0  arofene.o(i.arofene_USART_Init)
    i.delay                                  0x080030c2   Section        0  lcd1602.o(i.delay)
    i.delay_init                             0x080030e0   Section        0  delay.o(i.delay_init)
    i.delay_ms                               0x08003124   Section        0  delay.o(i.delay_ms)
    i.delay_nms                              0x08003170   Section        0  code.o(i.delay_nms)
    i.delay_us                               0x08003190   Section        0  delay.o(i.delay_us)
    i.enable                                 0x080031dc   Section        0  lcd1602.o(i.enable)
    i.l1602_INIT                             0x08003214   Section        0  lcd1602.o(i.l1602_INIT)
    i.main                                   0x08003230   Section        0  code.o(i.main)
    i.mread                                  0x08003698   Section        0  bh1750.o(i.mread)
    i.sds011_USART_Init                      0x080036dc   Section        0  sds011.o(i.sds011_USART_Init)
    i.write                                  0x080036f0   Section        0  lcd1602.o(i.write)
    locale$$code                             0x08003728   Section       44  lc_numeric_c.o(locale$$code)
    x$fpl$d2f                                0x08003754   Section       98  d2f.o(x$fpl$d2f)
    x$fpl$ddiv                               0x080037b8   Section      688  ddiv.o(x$fpl$ddiv)
    ddiv_entry                               0x080037bf   Thumb Code     0  ddiv.o(x$fpl$ddiv)
    x$fpl$dflt                               0x08003a68   Section       46  dflt_clz.o(x$fpl$dflt)
    x$fpl$dfltu                              0x08003a96   Section       38  dflt_clz.o(x$fpl$dfltu)
    x$fpl$dmul                               0x08003abc   Section      340  dmul.o(x$fpl$dmul)
    x$fpl$dnaninf                            0x08003c10   Section      156  dnaninf.o(x$fpl$dnaninf)
    x$fpl$dretinf                            0x08003cac   Section       12  dretinf.o(x$fpl$dretinf)
    x$fpl$f2d                                0x08003cb8   Section       86  f2d.o(x$fpl$f2d)
    x$fpl$fadd                               0x08003d10   Section      196  faddsub_clz.o(x$fpl$fadd)
    _fadd1                                   0x08003d1f   Thumb Code     0  faddsub_clz.o(x$fpl$fadd)
    x$fpl$fdiv                               0x08003dd4   Section      388  fdiv.o(x$fpl$fdiv)
    _fdiv1                                   0x08003dd5   Thumb Code     0  fdiv.o(x$fpl$fdiv)
    x$fpl$ffixu                              0x08003f58   Section       62  ffixu.o(x$fpl$ffixu)
    x$fpl$fmul                               0x08003f98   Section      258  fmul.o(x$fpl$fmul)
    x$fpl$fnaninf                            0x0800409a   Section      140  fnaninf.o(x$fpl$fnaninf)
    x$fpl$fretinf                            0x08004126   Section       10  fretinf.o(x$fpl$fretinf)
    x$fpl$fsub                               0x08004130   Section      234  faddsub_clz.o(x$fpl$fsub)
    _fsub1                                   0x0800413f   Thumb Code     0  faddsub_clz.o(x$fpl$fsub)
    x$fpl$printf1                            0x0800421a   Section        4  printf1.o(x$fpl$printf1)
    .constdata                               0x0800421e   Section       12  rtc.o(.constdata)
    x$fpl$usenofp                            0x0800421e   Section        0  usenofp.o(x$fpl$usenofp)
    .constdata                               0x0800422a   Section       40  _printf_hex_int.o(.constdata)
    uc_hextab                                0x0800422a   Data          20  _printf_hex_int.o(.constdata)
    lc_hextab                                0x0800423e   Data          20  _printf_hex_int.o(.constdata)
    .constdata                               0x08004254   Section      148  bigflt0.o(.constdata)
    tenpwrs_x                                0x08004254   Data          60  bigflt0.o(.constdata)
    tenpwrs_i                                0x08004290   Data          64  bigflt0.o(.constdata)
    locale$$data                             0x08004308   Section       28  lc_numeric_c.o(locale$$data)
    __lcnum_c_name                           0x0800430c   Data           2  lc_numeric_c.o(locale$$data)
    __lcnum_c_start                          0x08004314   Data           0  lc_numeric_c.o(locale$$data)
    __lcnum_c_point                          0x08004320   Data           0  lc_numeric_c.o(locale$$data)
    __lcnum_c_thousands                      0x08004322   Data           0  lc_numeric_c.o(locale$$data)
    __lcnum_c_grouping                       0x08004323   Data           0  lc_numeric_c.o(locale$$data)
    __lcnum_c_end                            0x08004324   Data           0  lc_numeric_c.o(locale$$data)
    .data                                    0x20000000   Section       64  code.o(.data)
    .data                                    0x20000040   Section        4  delay.o(.data)
    fac_us                                   0x20000040   Data           1  delay.o(.data)
    fac_ms                                   0x20000042   Data           2  delay.o(.data)
    .data                                    0x20000044   Section       14  wifi.o(.data)
    .data                                    0x20000054   Section       16  bh1750.o(.data)
    .data                                    0x20000064   Section       20  sds011.o(.data)
    .data                                    0x20000078   Section        2  rtc.o(.data)
    dayCount                                 0x20000078   Data           2  rtc.o(.data)
    .data                                    0x2000007c   Section       16  arofene.o(.data)
    .data                                    0x2000008c   Section       20  stm32f10x_rcc.o(.data)
    APBAHBPrescTable                         0x2000008c   Data          16  stm32f10x_rcc.o(.data)
    ADCPrescTable                            0x2000009c   Data           4  stm32f10x_rcc.o(.data)
    .data                                    0x200000a0   Section       20  system_stm32f10x.o(.data)
    .bss                                     0x200000b4   Section      691  code.o(.bss)
    .bss                                     0x20000367   Section      656  wifi.o(.bss)
    .bss                                     0x200005f8   Section       10  rtc.o(.bss)
    .bss                                     0x20000604   Section       96  libspace.o(.bss)
    HEAP                                     0x20000668   Section      512  startup_stm32f10x_md.o(HEAP)
    Heap_Mem                                 0x20000668   Data         512  startup_stm32f10x_md.o(HEAP)
    STACK                                    0x20000868   Section     1024  startup_stm32f10x_md.o(STACK)
    Stack_Mem                                0x20000868   Data        1024  startup_stm32f10x_md.o(STACK)
    __initial_sp                             0x20000c68   Data           0  startup_stm32f10x_md.o(STACK)

    Global Symbols

    Symbol Name                              Value     Ov Type        Size  Object(Section)

    BuildAttributes$$THM_ISAv4$P$D$K$B$S$PE$A:L22UL41UL21$X:L11$S22US41US21$IEEE1$IW$USESV6$~STKCKD$USESV7$~SHL$OTIME$ROPI$IEEEJ$EBA8$UX$STANDARDLIB$REQ8$PRES8$EABIv2 0x00000000   Number         0  anon$$obj.o ABSOLUTE
    __ARM_use_no_argv                        0x00000000   Number         0  code.o ABSOLUTE
    _printf_flags                            0x00000000   Number         0  printf_stubs.o ABSOLUTE
    _printf_return_value                     0x00000000   Number         0  printf_stubs.o ABSOLUTE
    _printf_sizespec                         0x00000000   Number         0  printf_stubs.o ABSOLUTE
    _printf_widthprec                        0x00000000   Number         0  printf_stubs.o ABSOLUTE
    __ARM_exceptions_init                     - Undefined Weak Reference
    __alloca_initialize                       - Undefined Weak Reference
    __arm_preinit_                            - Undefined Weak Reference
    __cpp_initialize__aeabi_                  - Undefined Weak Reference
    __cxa_finalize                            - Undefined Weak Reference
    __sigvec_lookup                           - Undefined Weak Reference
    _atexit_init                              - Undefined Weak Reference
    _call_atexit_fns                          - Undefined Weak Reference
    _clock_init                               - Undefined Weak Reference
    _fp_trap_init                             - Undefined Weak Reference
    _fp_trap_shutdown                         - Undefined Weak Reference
    _get_lc_collate                           - Undefined Weak Reference
    _get_lc_ctype                             - Undefined Weak Reference
    _get_lc_monetary                          - Undefined Weak Reference
    _get_lc_time                              - Undefined Weak Reference
    _getenv_init                              - Undefined Weak Reference
    _handle_redirection                       - Undefined Weak Reference
    _init_alloc                               - Undefined Weak Reference
    _init_user_alloc                          - Undefined Weak Reference
    _initio                                   - Undefined Weak Reference
    _printf_mbtowc                            - Undefined Weak Reference
    _printf_post_padding                      - Undefined Weak Reference
    _printf_pre_padding                       - Undefined Weak Reference
    _printf_truncate_signed                   - Undefined Weak Reference
    _printf_truncate_unsigned                 - Undefined Weak Reference
    _rand_init                                - Undefined Weak Reference
    _signal_finish                            - Undefined Weak Reference
    _signal_init                              - Undefined Weak Reference
    _terminate_alloc                          - Undefined Weak Reference
    _terminate_user_alloc                     - Undefined Weak Reference
    _terminateio                              - Undefined Weak Reference
    __Vectors_Size                           0x000000ec   Number         0  startup_stm32f10x_md.o ABSOLUTE
    __Vectors                                0x08000000   Data           4  startup_stm32f10x_md.o(RESET)
    __Vectors_End                            0x080000ec   Data           0  startup_stm32f10x_md.o(RESET)
    __main                                   0x080000ed   Thumb Code     8  __main.o(!!!main)
    __scatterload                            0x080000f5   Thumb Code     0  __scatter.o(!!!scatter)
    __scatterload_rt2                        0x080000f5   Thumb Code    44  __scatter.o(!!!scatter)
    __scatterload_rt2_thumb_only             0x080000f5   Thumb Code     0  __scatter.o(!!!scatter)
    __scatterload_null                       0x08000103   Thumb Code     0  __scatter.o(!!!scatter)
    __scatterload_copy                       0x08000129   Thumb Code    26  __scatter_copy.o(!!handler_copy)
    __scatterload_zeroinit                   0x08000145   Thumb Code    28  __scatter_zi.o(!!handler_zi)
    _printf_f                                0x08000161   Thumb Code     0  _printf_f.o(.ARM.Collect$$_printf_percent$$00000003)
    _printf_percent                          0x08000161   Thumb Code     0  _printf_percent.o(.ARM.Collect$$_printf_percent$$00000000)
    _printf_d                                0x08000167   Thumb Code     0  _printf_d.o(.ARM.Collect$$_printf_percent$$00000009)
    _printf_x                                0x0800016d   Thumb Code     0  _printf_x.o(.ARM.Collect$$_printf_percent$$0000000C)
    _printf_c                                0x08000173   Thumb Code     0  _printf_c.o(.ARM.Collect$$_printf_percent$$00000013)
    _printf_percent_end                      0x08000179   Thumb Code     0  _printf_percent_end.o(.ARM.Collect$$_printf_percent$$00000017)
    __rt_lib_init                            0x0800017d   Thumb Code     0  libinit.o(.ARM.Collect$$libinit$$00000000)
    __rt_lib_init_fp_1                       0x0800017f   Thumb Code     0  libinit2.o(.ARM.Collect$$libinit$$00000002)
    __rt_lib_init_heap_1                     0x0800017f   Thumb Code     0  libinit2.o(.ARM.Collect$$libinit$$0000000A)
    __rt_lib_init_lc_common                  0x0800017f   Thumb Code     0  libinit2.o(.ARM.Collect$$libinit$$0000000F)
    __rt_lib_init_preinit_1                  0x0800017f   Thumb Code     0  libinit2.o(.ARM.Collect$$libinit$$00000004)
    __rt_lib_init_rand_1                     0x0800017f   Thumb Code     0  libinit2.o(.ARM.Collect$$libinit$$0000000E)
    __rt_lib_init_user_alloc_1               0x0800017f   Thumb Code     0  libinit2.o(.ARM.Collect$$libinit$$0000000C)
    __rt_lib_init_lc_collate_1               0x08000185   Thumb Code     0  libinit2.o(.ARM.Collect$$libinit$$00000011)
    __rt_lib_init_lc_ctype_1                 0x08000185   Thumb Code     0  libinit2.o(.ARM.Collect$$libinit$$00000013)
    __rt_lib_init_lc_monetary_1              0x08000185   Thumb Code     0  libinit2.o(.ARM.Collect$$libinit$$00000015)
    __rt_lib_init_lc_numeric_2               0x08000185   Thumb Code     0  libinit2.o(.ARM.Collect$$libinit$$00000016)
    __rt_lib_init_alloca_1                   0x0800018f   Thumb Code     0  libinit2.o(.ARM.Collect$$libinit$$0000002E)
    __rt_lib_init_argv_1                     0x0800018f   Thumb Code     0  libinit2.o(.ARM.Collect$$libinit$$0000002C)
    __rt_lib_init_atexit_1                   0x0800018f   Thumb Code     0  libinit2.o(.ARM.Collect$$libinit$$0000001B)
    __rt_lib_init_clock_1                    0x0800018f   Thumb Code     0  libinit2.o(.ARM.Collect$$libinit$$00000021)
    __rt_lib_init_cpp_1                      0x0800018f   Thumb Code     0  libinit2.o(.ARM.Collect$$libinit$$00000032)
    __rt_lib_init_exceptions_1               0x0800018f   Thumb Code     0  libinit2.o(.ARM.Collect$$libinit$$00000030)
    __rt_lib_init_fp_trap_1                  0x0800018f   Thumb Code     0  libinit2.o(.ARM.Collect$$libinit$$0000001F)
    __rt_lib_init_getenv_1                   0x0800018f   Thumb Code     0  libinit2.o(.ARM.Collect$$libinit$$00000023)
    __rt_lib_init_lc_numeric_1               0x0800018f   Thumb Code     0  libinit2.o(.ARM.Collect$$libinit$$00000017)
    __rt_lib_init_lc_time_1                  0x0800018f   Thumb Code     0  libinit2.o(.ARM.Collect$$libinit$$00000019)
    __rt_lib_init_return                     0x0800018f   Thumb Code     0  libinit2.o(.ARM.Collect$$libinit$$00000033)
    __rt_lib_init_signal_1                   0x0800018f   Thumb Code     0  libinit2.o(.ARM.Collect$$libinit$$0000001D)
    __rt_lib_init_stdio_1                    0x0800018f   Thumb Code     0  libinit2.o(.ARM.Collect$$libinit$$00000025)
    __rt_lib_shutdown                        0x08000191   Thumb Code     0  libshutdown.o(.ARM.Collect$$libshutdown$$00000000)
    __rt_lib_shutdown_fp_trap_1              0x08000193   Thumb Code     0  libshutdown2.o(.ARM.Collect$$libshutdown$$00000006)
    __rt_lib_shutdown_heap_1                 0x08000193   Thumb Code     0  libshutdown2.o(.ARM.Collect$$libshutdown$$0000000E)
    __rt_lib_shutdown_return                 0x08000193   Thumb Code     0  libshutdown2.o(.ARM.Collect$$libshutdown$$0000000F)
    __rt_lib_shutdown_signal_1               0x08000193   Thumb Code     0  libshutdown2.o(.ARM.Collect$$libshutdown$$00000009)
    __rt_lib_shutdown_stdio_1                0x08000193   Thumb Code     0  libshutdown2.o(.ARM.Collect$$libshutdown$$00000003)
    __rt_lib_shutdown_user_alloc_1           0x08000193   Thumb Code     0  libshutdown2.o(.ARM.Collect$$libshutdown$$0000000B)
    __rt_entry                               0x08000195   Thumb Code     0  __rtentry.o(.ARM.Collect$$rtentry$$00000000)
    __rt_entry_presh_1                       0x08000195   Thumb Code     0  __rtentry2.o(.ARM.Collect$$rtentry$$00000002)
    __rt_entry_sh                            0x08000195   Thumb Code     0  __rtentry4.o(.ARM.Collect$$rtentry$$00000004)
    __rt_entry_li                            0x0800019b   Thumb Code     0  __rtentry2.o(.ARM.Collect$$rtentry$$0000000A)
    __rt_entry_postsh_1                      0x0800019b   Thumb Code     0  __rtentry2.o(.ARM.Collect$$rtentry$$00000009)
    __rt_entry_main                          0x0800019f   Thumb Code     0  __rtentry2.o(.ARM.Collect$$rtentry$$0000000D)
    __rt_entry_postli_1                      0x0800019f   Thumb Code     0  __rtentry2.o(.ARM.Collect$$rtentry$$0000000C)
    __rt_exit                                0x080001a7   Thumb Code     0  rtexit.o(.ARM.Collect$$rtexit$$00000000)
    __rt_exit_ls                             0x080001a9   Thumb Code     0  rtexit2.o(.ARM.Collect$$rtexit$$00000003)
    __rt_exit_prels_1                        0x080001a9   Thumb Code     0  rtexit2.o(.ARM.Collect$$rtexit$$00000002)
    __rt_exit_exit                           0x080001ad   Thumb Code     0  rtexit2.o(.ARM.Collect$$rtexit$$00000004)
    Reset_Handler                            0x080001b5   Thumb Code     8  startup_stm32f10x_md.o(.text)
    ADC1_2_IRQHandler                        0x080001cf   Thumb Code     0  startup_stm32f10x_md.o(.text)
    CAN1_RX1_IRQHandler                      0x080001cf   Thumb Code     0  startup_stm32f10x_md.o(.text)
    CAN1_SCE_IRQHandler                      0x080001cf   Thumb Code     0  startup_stm32f10x_md.o(.text)
    DMA1_Channel1_IRQHandler                 0x080001cf   Thumb Code     0  startup_stm32f10x_md.o(.text)
    DMA1_Channel2_IRQHandler                 0x080001cf   Thumb Code     0  startup_stm32f10x_md.o(.text)
    DMA1_Channel3_IRQHandler                 0x080001cf   Thumb Code     0  startup_stm32f10x_md.o(.text)
    DMA1_Channel4_IRQHandler                 0x080001cf   Thumb Code     0  startup_stm32f10x_md.o(.text)
    DMA1_Channel5_IRQHandler                 0x080001cf   Thumb Code     0  startup_stm32f10x_md.o(.text)
    DMA1_Channel6_IRQHandler                 0x080001cf   Thumb Code     0  startup_stm32f10x_md.o(.text)
    DMA1_Channel7_IRQHandler                 0x080001cf   Thumb Code     0  startup_stm32f10x_md.o(.text)
    EXTI0_IRQHandler                         0x080001cf   Thumb Code     0  startup_stm32f10x_md.o(.text)
    EXTI15_10_IRQHandler                     0x080001cf   Thumb Code     0  startup_stm32f10x_md.o(.text)
    EXTI1_IRQHandler                         0x080001cf   Thumb Code     0  startup_stm32f10x_md.o(.text)
    EXTI2_IRQHandler                         0x080001cf   Thumb Code     0  startup_stm32f10x_md.o(.text)
    EXTI3_IRQHandler                         0x080001cf   Thumb Code     0  startup_stm32f10x_md.o(.text)
    EXTI4_IRQHandler                         0x080001cf   Thumb Code     0  startup_stm32f10x_md.o(.text)
    EXTI9_5_IRQHandler                       0x080001cf   Thumb Code     0  startup_stm32f10x_md.o(.text)
    FLASH_IRQHandler                         0x080001cf   Thumb Code     0  startup_stm32f10x_md.o(.text)
    I2C1_ER_IRQHandler                       0x080001cf   Thumb Code     0  startup_stm32f10x_md.o(.text)
    I2C1_EV_IRQHandler                       0x080001cf   Thumb Code     0  startup_stm32f10x_md.o(.text)
    I2C2_ER_IRQHandler                       0x080001cf   Thumb Code     0  startup_stm32f10x_md.o(.text)
    I2C2_EV_IRQHandler                       0x080001cf   Thumb Code     0  startup_stm32f10x_md.o(.text)
    PVD_IRQHandler                           0x080001cf   Thumb Code     0  startup_stm32f10x_md.o(.text)
    RCC_IRQHandler                           0x080001cf   Thumb Code     0  startup_stm32f10x_md.o(.text)
    RTCAlarm_IRQHandler                      0x080001cf   Thumb Code     0  startup_stm32f10x_md.o(.text)
    SPI1_IRQHandler                          0x080001cf   Thumb Code     0  startup_stm32f10x_md.o(.text)
    SPI2_IRQHandler                          0x080001cf   Thumb Code     0  startup_stm32f10x_md.o(.text)
    TAMPER_IRQHandler                        0x080001cf   Thumb Code     0  startup_stm32f10x_md.o(.text)
    TIM1_BRK_IRQHandler                      0x080001cf   Thumb Code     0  startup_stm32f10x_md.o(.text)
    TIM1_CC_IRQHandler                       0x080001cf   Thumb Code     0  startup_stm32f10x_md.o(.text)
    TIM1_TRG_COM_IRQHandler                  0x080001cf   Thumb Code     0  startup_stm32f10x_md.o(.text)
    TIM1_UP_IRQHandler                       0x080001cf   Thumb Code     0  startup_stm32f10x_md.o(.text)
    TIM2_IRQHandler                          0x080001cf   Thumb Code     0  startup_stm32f10x_md.o(.text)
    TIM3_IRQHandler                          0x080001cf   Thumb Code     0  startup_stm32f10x_md.o(.text)
    TIM4_IRQHandler                          0x080001cf   Thumb Code     0  startup_stm32f10x_md.o(.text)
    USBWakeUp_IRQHandler                     0x080001cf   Thumb Code     0  startup_stm32f10x_md.o(.text)
    USB_HP_CAN1_TX_IRQHandler                0x080001cf   Thumb Code     0  startup_stm32f10x_md.o(.text)
    USB_LP_CAN1_RX0_IRQHandler               0x080001cf   Thumb Code     0  startup_stm32f10x_md.o(.text)
    WWDG_IRQHandler                          0x080001cf   Thumb Code     0  startup_stm32f10x_md.o(.text)
    __user_initial_stackheap                 0x080001d1   Thumb Code     0  startup_stm32f10x_md.o(.text)
    __2sprintf                               0x080001f5   Thumb Code    34  noretval__2sprintf.o(.text)
    _printf_str                              0x0800021d   Thumb Code    82  _printf_str.o(.text)
    _printf_int_dec                          0x08000271   Thumb Code   104  _printf_dec.o(.text)
    _printf_int_hex                          0x080002e9   Thumb Code    84  _printf_hex_int.o(.text)
    _printf_longlong_hex                     0x080002e9   Thumb Code     0  _printf_hex_int.o(.text)
    __printf                                 0x08000341   Thumb Code   270  __printf_wp.o(.text)
    strcpy                                   0x0800044f   Thumb Code    72  strcpy.o(.text)
    strlen                                   0x08000497   Thumb Code    62  strlen.o(.text)
    __use_two_region_memory                  0x080004d5   Thumb Code     2  heapauxi.o(.text)
    __rt_heap_escrow$2region                 0x080004d7   Thumb Code     2  heapauxi.o(.text)
    __rt_heap_expand$2region                 0x080004d9   Thumb Code     2  heapauxi.o(.text)
    _printf_int_common                       0x080004db   Thumb Code   178  _printf_intcommon.o(.text)
    __lib_sel_fp_printf                      0x0800058d   Thumb Code     2  _printf_fp_dec.o(.text)
    _printf_fp_dec_real                      0x0800073b   Thumb Code   620  _printf_fp_dec.o(.text)
    _printf_char_common                      0x080009b3   Thumb Code    32  _printf_char_common.o(.text)
    _sputc                                   0x080009d9   Thumb Code    10  _sputc.o(.text)
    _printf_cs_common                        0x080009e3   Thumb Code    20  _printf_char.o(.text)
    _printf_char                             0x080009f7   Thumb Code    16  _printf_char.o(.text)
    _printf_string                           0x08000a07   Thumb Code     8  _printf_char.o(.text)
    __rt_locale                              0x08000a11   Thumb Code     8  rt_locale_intlibspace.o(.text)
    _ll_udiv10                               0x08000a19   Thumb Code   138  lludiv10.o(.text)
    _printf_fp_infnan                        0x08000aa5   Thumb Code   112  _printf_fp_infnan.o(.text)
    _btod_etento                             0x08000b25   Thumb Code   216  bigflt0.o(.text)
    __user_libspace                          0x08000c01   Thumb Code     8  libspace.o(.text)
    __user_perproc_libspace                  0x08000c01   Thumb Code     0  libspace.o(.text)
    __user_perthread_libspace                0x08000c01   Thumb Code     0  libspace.o(.text)
    __user_setup_stackheap                   0x08000c09   Thumb Code    74  sys_stackheap_outer.o(.text)
    exit                                     0x08000c53   Thumb Code    12  exit.o(.text)
    strcmp                                   0x08000c61   Thumb Code   128  strcmpv7m.o(.text)
    _sys_exit                                0x08000ce1   Thumb Code     8  sys_exit.o(.text)
    __I$use$semihosting                      0x08000ced   Thumb Code     0  use_no_semi.o(.text)
    __use_no_semihosting_swi                 0x08000ced   Thumb Code     2  use_no_semi.o(.text)
    __semihosting_library_function           0x08000cef   Thumb Code     0  indicate_semi.o(.text)
    _btod_d2e                                0x08000cef   Thumb Code    62  btod.o(CL$$btod_d2e)
    _d2e_denorm_low                          0x08000d2d   Thumb Code    70  btod.o(CL$$btod_d2e_denorm_low)
    _d2e_norm_op1                            0x08000d73   Thumb Code    96  btod.o(CL$$btod_d2e_norm_op1)
    __btod_div_common                        0x08000dd3   Thumb Code   696  btod.o(CL$$btod_div_common)
    _e2e                                     0x0800110b   Thumb Code   198  btod.o(CL$$btod_e2e)
    _btod_ediv                               0x080011d1   Thumb Code    40  btod.o(CL$$btod_ediv)
    _btod_emul                               0x080011f9   Thumb Code    40  btod.o(CL$$btod_emul)
    __btod_mult_common                       0x08001221   Thumb Code   580  btod.o(CL$$btod_mult_common)
    ADC_Cmd                                  0x08001465   Thumb Code    22  stm32f10x_adc.o(i.ADC_Cmd)
    ADC_DeInit                               0x0800147d   Thumb Code    78  stm32f10x_adc.o(i.ADC_DeInit)
    ADC_GetCalibrationStatus                 0x080014d9   Thumb Code    20  stm32f10x_adc.o(i.ADC_GetCalibrationStatus)
    ADC_GetConversionValue                   0x080014ed   Thumb Code     8  stm32f10x_adc.o(i.ADC_GetConversionValue)
    ADC_GetFlagStatus                        0x080014f5   Thumb Code    18  stm32f10x_adc.o(i.ADC_GetFlagStatus)
    ADC_GetResetCalibrationStatus            0x08001507   Thumb Code    20  stm32f10x_adc.o(i.ADC_GetResetCalibrationStatus)
    ADC_Init                                 0x0800151d   Thumb Code    70  stm32f10x_adc.o(i.ADC_Init)
    ADC_RegularChannelConfig                 0x0800156d   Thumb Code   184  stm32f10x_adc.o(i.ADC_RegularChannelConfig)
    ADC_ResetCalibration                     0x08001625   Thumb Code    10  stm32f10x_adc.o(i.ADC_ResetCalibration)
    ADC_SoftwareStartConvCmd                 0x0800162f   Thumb Code    22  stm32f10x_adc.o(i.ADC_SoftwareStartConvCmd)
    ADC_StartCalibration                     0x08001645   Thumb Code    10  stm32f10x_adc.o(i.ADC_StartCalibration)
    BH1750_RecvACK                           0x08001651   Thumb Code    96  bh1750.o(i.BH1750_RecvACK)
    BH1750_RecvByte                          0x080016b9   Thumb Code   116  bh1750.o(i.BH1750_RecvByte)
    BH1750_SendACK                           0x08001731   Thumb Code    86  bh1750.o(i.BH1750_SendACK)
    BH1750_SendByte                          0x0800178d   Thumb Code    74  bh1750.o(i.BH1750_SendByte)
    BH1750_Start                             0x080017dd   Thumb Code    44  bh1750.o(i.BH1750_Start)
    BH1750_Stop                              0x0800180d   Thumb Code    36  bh1750.o(i.BH1750_Stop)
    BKP_ReadBackupRegister                   0x08001835   Thumb Code    24  rtc.o(i.BKP_ReadBackupRegister)
    BKP_WriteBackupRegister                  0x08001851   Thumb Code    22  rtc.o(i.BKP_WriteBackupRegister)
    BusFault_Handler                         0x0800186d   Thumb Code     4  code.o(i.BusFault_Handler)
    DATA                                     0x08001871   Thumb Code   226  lcd1602.o(i.DATA)
    DHT11_Check                              0x08001959   Thumb Code   100  dht11.o(i.DHT11_Check)
    DHT11_Init                               0x080019c9   Thumb Code    62  dht11.o(i.DHT11_Init)
    DHT11_Read_Bit                           0x08001a11   Thumb Code    70  dht11.o(i.DHT11_Read_Bit)
    DHT11_Read_Byte                          0x08001a5d   Thumb Code    30  dht11.o(i.DHT11_Read_Byte)
    DHT11_Read_Data                          0x08001a7b   Thumb Code    88  dht11.o(i.DHT11_Read_Data)
    DHT11_Rst                                0x08001ad5   Thumb Code    52  dht11.o(i.DHT11_Rst)
    DebugMon_Handler                         0x08001b15   Thumb Code     2  code.o(i.DebugMon_Handler)
    Delay_5us                                0x08001b17   Thumb Code    32  bh1750.o(i.Delay_5us)
    Delay_mms                                0x08001b37   Thumb Code    32  bh1750.o(i.Delay_mms)
    E                                        0x08001b59   Thumb Code    26  lcd1602.o(i.E)
    FLASH_ClearFlag                          0x08001b79   Thumb Code     6  stm32f10x_flash.o(i.FLASH_ClearFlag)
    FLASH_ErasePage                          0x08001b85   Thumb Code    72  stm32f10x_flash.o(i.FLASH_ErasePage)
    FLASH_GetBank1Status                     0x08001bd1   Thumb Code    48  stm32f10x_flash.o(i.FLASH_GetBank1Status)
    FLASH_Lock                               0x08001c05   Thumb Code    14  stm32f10x_flash.o(i.FLASH_Lock)
    FLASH_ProgramWord                        0x08001c19   Thumb Code   102  stm32f10x_flash.o(i.FLASH_ProgramWord)
    FLASH_Unlock                             0x08001c85   Thumb Code    12  stm32f10x_flash.o(i.FLASH_Unlock)
    FLASH_WaitForLastOperation               0x08001c9d   Thumb Code    38  stm32f10x_flash.o(i.FLASH_WaitForLastOperation)
    GP2Y_ADC_init                            0x08001cc5   Thumb Code   192  code.o(i.GP2Y_ADC_init)
    GPIOConfig                               0x08001d91   Thumb Code    38  bh1750.o(i.GPIOConfig)
    GPIO_Configuration                       0x08001dbd   Thumb Code    92  code.o(i.GPIO_Configuration)
    GPIO_Configuration_arofene               0x08001e25   Thumb Code    38  arofene.o(i.GPIO_Configuration_arofene)
    GPIO_Configuration_sds011                0x08001e51   Thumb Code    38  sds011.o(i.GPIO_Configuration_sds011)
    GPIO_Configuration_wifi                  0x08001e7d   Thumb Code   104  wifi.o(i.GPIO_Configuration_wifi)
    GPIO_Init                                0x08001ef1   Thumb Code   278  stm32f10x_gpio.o(i.GPIO_Init)
    GPIO_PinRemapConfig                      0x08002009   Thumb Code   138  stm32f10x_gpio.o(i.GPIO_PinRemapConfig)
    GPIO_ReadInputDataBit                    0x08002099   Thumb Code    18  stm32f10x_gpio.o(i.GPIO_ReadInputDataBit)
    GPIO_ResetBits                           0x080020ab   Thumb Code     4  stm32f10x_gpio.o(i.GPIO_ResetBits)
    GPIO_SetBits                             0x080020af   Thumb Code     4  stm32f10x_gpio.o(i.GPIO_SetBits)
    GPIO_StructInit                          0x080020b3   Thumb Code    16  stm32f10x_gpio.o(i.GPIO_StructInit)
    GetGP2YSingleValue                       0x080020c5   Thumb Code   158  code.o(i.GetGP2YSingleValue)
    Get_gy30                                 0x0800217d   Thumb Code    80  bh1750.o(i.Get_gy30)
    HardFault_Handler                        0x080021d9   Thumb Code     4  code.o(i.HardFault_Handler)
    Init_BH1750                              0x080021dd   Thumb Code    10  bh1750.o(i.Init_BH1750)
    Is_Leap_Year                             0x080021e7   Thumb Code    58  rtc.o(i.Is_Leap_Year)
    L1602_Clear                              0x08002221   Thumb Code    22  lcd1602.o(i.L1602_Clear)
    L1602_init                               0x08002237   Thumb Code    58  lcd1602.o(i.L1602_init)
    L1602_string                             0x08002271   Thumb Code    54  lcd1602.o(i.L1602_string)
    MemManage_Handler                        0x080022a7   Thumb Code     4  code.o(i.MemManage_Handler)
    NMI_Handler                              0x080022ab   Thumb Code     2  code.o(i.NMI_Handler)
    NVIC_Configuration                       0x080022ad   Thumb Code    46  code.o(i.NVIC_Configuration)
    NVIC_Configuration_arofene               0x080022db   Thumb Code    40  arofene.o(i.NVIC_Configuration_arofene)
    NVIC_Configuration_sds011                0x08002303   Thumb Code    40  sds011.o(i.NVIC_Configuration_sds011)
    NVIC_Configuration_wifi                  0x0800232b   Thumb Code    46  wifi.o(i.NVIC_Configuration_wifi)
    NVIC_Init                                0x08002359   Thumb Code   100  code.o(i.NVIC_Init)
    NVIC_PriorityGroupConfig                 0x080023c9   Thumb Code    10  code.o(i.NVIC_PriorityGroupConfig)
    PendSV_Handler                           0x080023dd   Thumb Code     2  code.o(i.PendSV_Handler)
    Port_Init_1602                           0x080023e1   Thumb Code    64  lcd1602.o(i.Port_Init_1602)
    RCC_ADCCLKConfig                         0x08002425   Thumb Code    18  stm32f10x_rcc.o(i.RCC_ADCCLKConfig)
    RCC_APB1PeriphClockCmd                   0x0800243d   Thumb Code    26  stm32f10x_rcc.o(i.RCC_APB1PeriphClockCmd)
    RCC_APB2PeriphClockCmd                   0x0800245d   Thumb Code    26  stm32f10x_rcc.o(i.RCC_APB2PeriphClockCmd)
    RCC_APB2PeriphResetCmd                   0x0800247d   Thumb Code    26  stm32f10x_rcc.o(i.RCC_APB2PeriphResetCmd)
    RCC_Configuration                        0x0800249d   Thumb Code    40  code.o(i.RCC_Configuration)
    RCC_Configuration_1602                   0x080024c5   Thumb Code    40  lcd1602.o(i.RCC_Configuration_1602)
    RCC_Configuration_arofene                0x080024ed   Thumb Code    32  arofene.o(i.RCC_Configuration_arofene)
    RCC_Configuration_sds011                 0x0800250d   Thumb Code    32  sds011.o(i.RCC_Configuration_sds011)
    RCC_Configuration_wifi                   0x0800252d   Thumb Code    40  wifi.o(i.RCC_Configuration_wifi)
    RCC_GetClocksFreq                        0x08002555   Thumb Code   192  stm32f10x_rcc.o(i.RCC_GetClocksFreq)
    RS                                       0x08002629   Thumb Code    26  lcd1602.o(i.RS)
    RTC_ClearITPendingBit                    0x08002649   Thumb Code    12  stm32f10x_rtc.o(i.RTC_ClearITPendingBit)
    RTC_EnterConfigMode                      0x08002659   Thumb Code    14  stm32f10x_rtc.o(i.RTC_EnterConfigMode)
    RTC_ExitConfigMode                       0x0800266d   Thumb Code    16  stm32f10x_rtc.o(i.RTC_ExitConfigMode)
    RTC_Get                                  0x08002681   Thumb Code   220  rtc.o(i.RTC_Get)
    RTC_GetCounter                           0x0800276d   Thumb Code    16  stm32f10x_rtc.o(i.RTC_GetCounter)
    RTC_GetITStatus                          0x08002781   Thumb Code    32  stm32f10x_rtc.o(i.RTC_GetITStatus)
    RTC_IRQHandler                           0x080027a5   Thumb Code    40  rtc.o(i.RTC_IRQHandler)
    RTC_ITConfig                             0x080027cd   Thumb Code    26  stm32f10x_rtc.o(i.RTC_ITConfig)
    RTC_Init                                 0x080027ed   Thumb Code   100  rtc.o(i.RTC_Init)
    RTC_Set                                  0x08002859   Thumb Code   172  rtc.o(i.RTC_Set)
    RTC_SetCounter                           0x08002915   Thumb Code    24  stm32f10x_rtc.o(i.RTC_SetCounter)
    RTC_WaitForLastTask                      0x08002931   Thumb Code    16  stm32f10x_rtc.o(i.RTC_WaitForLastTask)
    RTC_WaitForSynchro                       0x08002945   Thumb Code    30  stm32f10x_rtc.o(i.RTC_WaitForSynchro)
    RW                                       0x08002969   Thumb Code    26  lcd1602.o(i.RW)
    Read_Flash                               0x08002989   Thumb Code    26  flash.o(i.Read_Flash)
    SVC_Handler                              0x080029a9   Thumb Code     2  code.o(i.SVC_Handler)
    Send_Server                              0x080029ad   Thumb Code    38  wifi.o(i.Send_Server)
    Single_Write_BH1750                      0x08002ac9   Thumb Code    26  bh1750.o(i.Single_Write_BH1750)
    SysTick_CLKSourceConfig                  0x08002ae3   Thumb Code    40  code.o(i.SysTick_CLKSourceConfig)
    SysTick_Handler                          0x08002b0b   Thumb Code     2  code.o(i.SysTick_Handler)
    SystemInit                               0x08002b0d   Thumb Code    78  system_stm32f10x.o(i.SystemInit)
    USART1_IRQHandler                        0x08002b6d   Thumb Code   124  arofene.o(i.USART1_IRQHandler)
    USART2_IRQHandler                        0x08002c05   Thumb Code   138  wifi.o(i.USART2_IRQHandler)
    USART3_IRQHandler                        0x08002ca9   Thumb Code   172  sds011.o(i.USART3_IRQHandler)
    USART_Cmd                                0x08002d7d   Thumb Code    24  stm32f10x_usart.o(i.USART_Cmd)
    USART_Configuration_arofene              0x08002d95   Thumb Code    64  arofene.o(i.USART_Configuration_arofene)
    USART_Configuration_sds011               0x08002dd9   Thumb Code    64  sds011.o(i.USART_Configuration_sds011)
    USART_Configuration_wifi                 0x08002e1d   Thumb Code    74  wifi.o(i.USART_Configuration_wifi)
    USART_GetITStatus                        0x08002e6d   Thumb Code    84  stm32f10x_usart.o(i.USART_GetITStatus)
    USART_ITConfig                           0x08002ec1   Thumb Code    74  stm32f10x_usart.o(i.USART_ITConfig)
    USART_Init                               0x08002f0d   Thumb Code   210  stm32f10x_usart.o(i.USART_Init)
    USART_ReceiveData                        0x08002fe5   Thumb Code    10  stm32f10x_usart.o(i.USART_ReceiveData)
    USART_SendData                           0x08002fef   Thumb Code     8  stm32f10x_usart.o(i.USART_SendData)
    UsageFault_Handler                       0x08002ff7   Thumb Code     4  code.o(i.UsageFault_Handler)
    WIFI_UART_INIT                           0x08002ffb   Thumb Code    20  wifi.o(i.WIFI_UART_INIT)
    Write_Flash                              0x08003011   Thumb Code    98  flash.o(i.Write_Flash)
    __ARM_fpclassify                         0x08003079   Thumb Code    40  fpclassify.o(i.__ARM_fpclassify)
    _is_digit                                0x080030a1   Thumb Code    14  __printf_wp.o(i._is_digit)
    arofene_USART_Init                       0x080030af   Thumb Code    20  arofene.o(i.arofene_USART_Init)
    delay                                    0x080030c3   Thumb Code    30  lcd1602.o(i.delay)
    delay_init                               0x080030e1   Thumb Code    50  delay.o(i.delay_init)
    delay_ms                                 0x08003125   Thumb Code    72  delay.o(i.delay_ms)
    delay_nms                                0x08003171   Thumb Code    32  code.o(i.delay_nms)
    delay_us                                 0x08003191   Thumb Code    72  delay.o(i.delay_us)
    enable                                   0x080031dd   Thumb Code    54  lcd1602.o(i.enable)
    l1602_INIT                               0x08003215   Thumb Code    24  lcd1602.o(i.l1602_INIT)
    main                                     0x08003231   Thumb Code   828  code.o(i.main)
    mread                                    0x08003699   Thumb Code    62  bh1750.o(i.mread)
    sds011_USART_Init                        0x080036dd   Thumb Code    20  sds011.o(i.sds011_USART_Init)
    write                                    0x080036f1   Thumb Code    54  lcd1602.o(i.write)
    _get_lc_numeric                          0x08003729   Thumb Code    44  lc_numeric_c.o(locale$$code)
    __aeabi_d2f                              0x08003755   Thumb Code     0  d2f.o(x$fpl$d2f)
    _d2f                                     0x08003755   Thumb Code    98  d2f.o(x$fpl$d2f)
    __aeabi_ddiv                             0x080037b9   Thumb Code     0  ddiv.o(x$fpl$ddiv)
    _ddiv                                    0x080037b9   Thumb Code   552  ddiv.o(x$fpl$ddiv)
    __aeabi_i2d                              0x08003a69   Thumb Code     0  dflt_clz.o(x$fpl$dflt)
    _dflt                                    0x08003a69   Thumb Code    46  dflt_clz.o(x$fpl$dflt)
    __aeabi_ui2d                             0x08003a97   Thumb Code     0  dflt_clz.o(x$fpl$dfltu)
    _dfltu                                   0x08003a97   Thumb Code    38  dflt_clz.o(x$fpl$dfltu)
    __aeabi_dmul                             0x08003abd   Thumb Code     0  dmul.o(x$fpl$dmul)
    _dmul                                    0x08003abd   Thumb Code   332  dmul.o(x$fpl$dmul)
    __fpl_dnaninf                            0x08003c11   Thumb Code   156  dnaninf.o(x$fpl$dnaninf)
    __fpl_dretinf                            0x08003cad   Thumb Code    12  dretinf.o(x$fpl$dretinf)
    __aeabi_f2d                              0x08003cb9   Thumb Code     0  f2d.o(x$fpl$f2d)
    _f2d                                     0x08003cb9   Thumb Code    86  f2d.o(x$fpl$f2d)
    __aeabi_fadd                             0x08003d11   Thumb Code     0  faddsub_clz.o(x$fpl$fadd)
    _fadd                                    0x08003d11   Thumb Code   196  faddsub_clz.o(x$fpl$fadd)
    __aeabi_fdiv                             0x08003dd5   Thumb Code     0  fdiv.o(x$fpl$fdiv)
    _fdiv                                    0x08003dd5   Thumb Code   384  fdiv.o(x$fpl$fdiv)
    __aeabi_f2uiz                            0x08003f59   Thumb Code     0  ffixu.o(x$fpl$ffixu)
    _ffixu                                   0x08003f59   Thumb Code    62  ffixu.o(x$fpl$ffixu)
    __aeabi_fmul                             0x08003f99   Thumb Code     0  fmul.o(x$fpl$fmul)
    _fmul                                    0x08003f99   Thumb Code   258  fmul.o(x$fpl$fmul)
    __fpl_fnaninf                            0x0800409b   Thumb Code   140  fnaninf.o(x$fpl$fnaninf)
    __fpl_fretinf                            0x08004127   Thumb Code    10  fretinf.o(x$fpl$fretinf)
    __aeabi_fsub                             0x08004131   Thumb Code     0  faddsub_clz.o(x$fpl$fsub)
    _fsub                                    0x08004131   Thumb Code   234  faddsub_clz.o(x$fpl$fsub)
    _printf_fp_dec                           0x0800421b   Thumb Code     4  printf1.o(x$fpl$printf1)
    __I$use$fp                               0x0800421e   Number         0  usenofp.o(x$fpl$usenofp)
    mon_table                                0x0800421e   Data          12  rtc.o(.constdata)
    Region$$Table$$Base                      0x080042e8   Number         0  anon$$obj.o(Region$$Table)
    Region$$Table$$Limit                     0x08004308   Number         0  anon$$obj.o(Region$$Table)
    NbrOfDataToTransfer                      0x20000000   Data           1  code.o(.data)
    NbrOfDataToRead                          0x20000001   Data           1  code.o(.data)
    TxCounter                                0x20000002   Data           1  code.o(.data)
    RxCounter                                0x20000004   Data           2  code.o(.data)
    Tx_Flag                                  0x20000006   Data           1  code.o(.data)
    Rx_Flag                                  0x20000007   Data           1  code.o(.data)
    flag_a                                   0x20000008   Data           1  code.o(.data)
    flag_w                                   0x20000009   Data           1  code.o(.data)
    flag_r                                   0x2000000a   Data           1  code.o(.data)
    in_data                                  0x2000000b   Data          10  code.o(.data)
    STATUS                                   0x20000015   Data           1  code.o(.data)
    weather1                                 0x20000016   Data          10  code.o(.data)
    weather2                                 0x20000020   Data          10  code.o(.data)
    flag_g                                   0x2000002c   Data           4  code.o(.data)
    temperature_unit_1                       0x20000030   Data           1  code.o(.data)
    temperature_unit_2                       0x20000031   Data           1  code.o(.data)
    temperature                              0x20000032   Data           1  code.o(.data)
    humidity                                 0x20000033   Data           1  code.o(.data)
    t                                        0x20000034   Data           1  code.o(.data)
    dustValue                                0x20000036   Data           2  code.o(.data)
    i                                        0x20000038   Data           4  code.o(.data)
    fp                                       0x2000003c   Data           4  code.o(.data)
    NbrOfDataToTransfer_wifi                 0x20000044   Data           1  wifi.o(.data)
    NbrOfDataToRead_wifi                     0x20000045   Data           1  wifi.o(.data)
    TxCounter_wifi                           0x20000046   Data           1  wifi.o(.data)
    RxCounter_wifi                           0x20000048   Data           2  wifi.o(.data)
    Tx_Flag_wifi                             0x2000004a   Data           1  wifi.o(.data)
    Rx_Flag_wifi                             0x2000004b   Data           1  wifi.o(.data)
    flag_a_wifi                              0x2000004c   Data           1  wifi.o(.data)
    temperature_wifi                         0x2000004d   Data           1  wifi.o(.data)
    humidity_wifi                            0x2000004e   Data           1  wifi.o(.data)
    dustValue_wifi                           0x20000050   Data           2  wifi.o(.data)
    BUF                                      0x20000054   Data           8  bh1750.o(.data)
    dis_data                                 0x2000005c   Data           4  bh1750.o(.data)
    mcy                                      0x20000060   Data           4  bh1750.o(.data)
    j                                        0x20000064   Data           4  sds011.o(.data)
    res                                      0x20000068   Data           1  sds011.o(.data)
    pm25_low                                 0x20000069   Data           1  sds011.o(.data)
    pm25_high                                0x2000006a   Data           1  sds011.o(.data)
    pm10_low                                 0x2000006b   Data           1  sds011.o(.data)
    pm10_high                                0x2000006c   Data           1  sds011.o(.data)
    pm25                                     0x2000006e   Data           2  sds011.o(.data)
    pm10                                     0x20000070   Data           2  sds011.o(.data)
    flag                                     0x20000074   Data           4  sds011.o(.data)
    a                                        0x2000007c   Data           4  arofene.o(.data)
    ares                                     0x20000080   Data           1  arofene.o(.data)
    aro_low                                  0x20000081   Data           1  arofene.o(.data)
    aro_high                                 0x20000082   Data           1  arofene.o(.data)
    aro                                      0x20000084   Data           2  arofene.o(.data)
    aflag                                    0x20000088   Data           4  arofene.o(.data)
    SystemCoreClock                          0x200000a0   Data           4  system_stm32f10x.o(.data)
    AHBPrescTable                            0x200000a4   Data          16  system_stm32f10x.o(.data)
    TxBuffer                                 0x200000b4   Data         120  code.o(.bss)
    RxBuffer                                 0x2000012c   Data          81  code.o(.bss)
    out_data                                 0x2000017d   Data          10  code.o(.bss)
    transfer_string                          0x20000187   Data         120  code.o(.bss)
    transfer_string2                         0x200001ff   Data         120  code.o(.bss)
    transfer_string3                         0x20000277   Data         120  code.o(.bss)
    transfer_stringWifi                      0x200002ef   Data         120  code.o(.bss)
    TxBuffer_wifi                            0x20000367   Data         255  wifi.o(.bss)
    RxBuffer_wifi                            0x20000466   Data          81  wifi.o(.bss)
    transfer_string_wifi                     0x200004b7   Data         320  wifi.o(.bss)
    calendar                                 0x200005f8   Data          10  rtc.o(.bss)
    __libspace_start                         0x20000604   Data          96  libspace.o(.bss)
    __temporary_stack_top$libspace           0x20000664   Data           0  libspace.o(.bss)



==============================================================================

Memory Map of the image

  Image Entry point : 0x080000ed

  Load Region LR_IROM1 (Base: 0x08000000, Size: 0x000043d8, Max: 0x00010000, ABSOLUTE)

    Execution Region ER_IROM1 (Base: 0x08000000, Size: 0x00004324, Max: 0x00010000, ABSOLUTE)

    Base Addr    Size         Type   Attr      Idx    E Section Name        Object

    0x08000000   0x000000ec   Data   RO         2630    RESET               startup_stm32f10x_md.o
    0x080000ec   0x00000008   Code   RO         2733  * !!!main             c_w.l(__main.o)
    0x080000f4   0x00000034   Code   RO         2988    !!!scatter          c_w.l(__scatter.o)
    0x08000128   0x0000001a   Code   RO         2990    !!handler_copy      c_w.l(__scatter_copy.o)
    0x08000142   0x00000002   PAD
    0x08000144   0x0000001c   Code   RO         2992    !!handler_zi        c_w.l(__scatter_zi.o)
    0x08000160   0x00000000   Code   RO         2726    .ARM.Collect$$_printf_percent$$00000000  c_w.l(_printf_percent.o)
    0x08000160   0x00000006   Code   RO         2725    .ARM.Collect$$_printf_percent$$00000003  c_w.l(_printf_f.o)
    0x08000166   0x00000006   Code   RO         2724    .ARM.Collect$$_printf_percent$$00000009  c_w.l(_printf_d.o)
    0x0800016c   0x00000006   Code   RO         2723    .ARM.Collect$$_printf_percent$$0000000C  c_w.l(_printf_x.o)
    0x08000172   0x00000006   Code   RO         2722    .ARM.Collect$$_printf_percent$$00000013  c_w.l(_printf_c.o)
    0x08000178   0x00000004   Code   RO         2780    .ARM.Collect$$_printf_percent$$00000017  c_w.l(_printf_percent_end.o)
    0x0800017c   0x00000002   Code   RO         2862    .ARM.Collect$$libinit$$00000000  c_w.l(libinit.o)
    0x0800017e   0x00000000   Code   RO         2864    .ARM.Collect$$libinit$$00000002  c_w.l(libinit2.o)
    0x0800017e   0x00000000   Code   RO         2866    .ARM.Collect$$libinit$$00000004  c_w.l(libinit2.o)
    0x0800017e   0x00000000   Code   RO         2869    .ARM.Collect$$libinit$$0000000A  c_w.l(libinit2.o)
    0x0800017e   0x00000000   Code   RO         2871    .ARM.Collect$$libinit$$0000000C  c_w.l(libinit2.o)
    0x0800017e   0x00000000   Code   RO         2873    .ARM.Collect$$libinit$$0000000E  c_w.l(libinit2.o)
    0x0800017e   0x00000006   Code   RO         2874    .ARM.Collect$$libinit$$0000000F  c_w.l(libinit2.o)
    0x08000184   0x00000000   Code   RO         2876    .ARM.Collect$$libinit$$00000011  c_w.l(libinit2.o)
    0x08000184   0x00000000   Code   RO         2878    .ARM.Collect$$libinit$$00000013  c_w.l(libinit2.o)
    0x08000184   0x00000000   Code   RO         2880    .ARM.Collect$$libinit$$00000015  c_w.l(libinit2.o)
    0x08000184   0x0000000a   Code   RO         2881    .ARM.Collect$$libinit$$00000016  c_w.l(libinit2.o)
    0x0800018e   0x00000000   Code   RO         2882    .ARM.Collect$$libinit$$00000017  c_w.l(libinit2.o)
    0x0800018e   0x00000000   Code   RO         2884    .ARM.Collect$$libinit$$00000019  c_w.l(libinit2.o)
    0x0800018e   0x00000000   Code   RO         2886    .ARM.Collect$$libinit$$0000001B  c_w.l(libinit2.o)
    0x0800018e   0x00000000   Code   RO         2888    .ARM.Collect$$libinit$$0000001D  c_w.l(libinit2.o)
    0x0800018e   0x00000000   Code   RO         2890    .ARM.Collect$$libinit$$0000001F  c_w.l(libinit2.o)
    0x0800018e   0x00000000   Code   RO         2892    .ARM.Collect$$libinit$$00000021  c_w.l(libinit2.o)
    0x0800018e   0x00000000   Code   RO         2894    .ARM.Collect$$libinit$$00000023  c_w.l(libinit2.o)
    0x0800018e   0x00000000   Code   RO         2896    .ARM.Collect$$libinit$$00000025  c_w.l(libinit2.o)
    0x0800018e   0x00000000   Code   RO         2900    .ARM.Collect$$libinit$$0000002C  c_w.l(libinit2.o)
    0x0800018e   0x00000000   Code   RO         2902    .ARM.Collect$$libinit$$0000002E  c_w.l(libinit2.o)
    0x0800018e   0x00000000   Code   RO         2904    .ARM.Collect$$libinit$$00000030  c_w.l(libinit2.o)
    0x0800018e   0x00000000   Code   RO         2906    .ARM.Collect$$libinit$$00000032  c_w.l(libinit2.o)
    0x0800018e   0x00000002   Code   RO         2907    .ARM.Collect$$libinit$$00000033  c_w.l(libinit2.o)
    0x08000190   0x00000002   Code   RO         2937    .ARM.Collect$$libshutdown$$00000000  c_w.l(libshutdown.o)
    0x08000192   0x00000000   Code   RO         2949    .ARM.Collect$$libshutdown$$00000003  c_w.l(libshutdown2.o)
    0x08000192   0x00000000   Code   RO         2952    .ARM.Collect$$libshutdown$$00000006  c_w.l(libshutdown2.o)
    0x08000192   0x00000000   Code   RO         2955    .ARM.Collect$$libshutdown$$00000009  c_w.l(libshutdown2.o)
    0x08000192   0x00000000   Code   RO         2957    .ARM.Collect$$libshutdown$$0000000B  c_w.l(libshutdown2.o)
    0x08000192   0x00000000   Code   RO         2960    .ARM.Collect$$libshutdown$$0000000E  c_w.l(libshutdown2.o)
    0x08000192   0x00000002   Code   RO         2961    .ARM.Collect$$libshutdown$$0000000F  c_w.l(libshutdown2.o)
    0x08000194   0x00000000   Code   RO         2769    .ARM.Collect$$rtentry$$00000000  c_w.l(__rtentry.o)
    0x08000194   0x00000000   Code   RO         2791    .ARM.Collect$$rtentry$$00000002  c_w.l(__rtentry2.o)
    0x08000194   0x00000006   Code   RO         2803    .ARM.Collect$$rtentry$$00000004  c_w.l(__rtentry4.o)
    0x0800019a   0x00000000   Code   RO         2793    .ARM.Collect$$rtentry$$00000009  c_w.l(__rtentry2.o)
    0x0800019a   0x00000004   Code   RO         2794    .ARM.Collect$$rtentry$$0000000A  c_w.l(__rtentry2.o)
    0x0800019e   0x00000000   Code   RO         2796    .ARM.Collect$$rtentry$$0000000C  c_w.l(__rtentry2.o)
    0x0800019e   0x00000008   Code   RO         2797    .ARM.Collect$$rtentry$$0000000D  c_w.l(__rtentry2.o)
    0x080001a6   0x00000002   Code   RO         2908    .ARM.Collect$$rtexit$$00000000  c_w.l(rtexit.o)
    0x080001a8   0x00000000   Code   RO         2915    .ARM.Collect$$rtexit$$00000002  c_w.l(rtexit2.o)
    0x080001a8   0x00000004   Code   RO         2916    .ARM.Collect$$rtexit$$00000003  c_w.l(rtexit2.o)
    0x080001ac   0x00000006   Code   RO         2917    .ARM.Collect$$rtexit$$00000004  c_w.l(rtexit2.o)
    0x080001b2   0x00000002   PAD
    0x080001b4   0x00000040   Code   RO         2631    .text               startup_stm32f10x_md.o
    0x080001f4   0x00000028   Code   RO         2673    .text               c_w.l(noretval__2sprintf.o)
    0x0800021c   0x00000052   Code   RO         2677    .text               c_w.l(_printf_str.o)
    0x0800026e   0x00000002   PAD
    0x08000270   0x00000078   Code   RO         2679    .text               c_w.l(_printf_dec.o)
    0x080002e8   0x00000058   Code   RO         2684    .text               c_w.l(_printf_hex_int.o)
    0x08000340   0x0000010e   Code   RO         2710    .text               c_w.l(__printf_wp.o)
    0x0800044e   0x00000048   Code   RO         2727    .text               c_w.l(strcpy.o)
    0x08000496   0x0000003e   Code   RO         2729    .text               c_w.l(strlen.o)
    0x080004d4   0x00000006   Code   RO         2731    .text               c_w.l(heapauxi.o)
    0x080004da   0x000000b2   Code   RO         2770    .text               c_w.l(_printf_intcommon.o)
    0x0800058c   0x0000041a   Code   RO         2772    .text               c_w.l(_printf_fp_dec.o)
    0x080009a6   0x00000002   PAD
    0x080009a8   0x00000030   Code   RO         2774    .text               c_w.l(_printf_char_common.o)
    0x080009d8   0x0000000a   Code   RO         2776    .text               c_w.l(_sputc.o)
    0x080009e2   0x0000002c   Code   RO         2778    .text               c_w.l(_printf_char.o)
    0x08000a0e   0x00000002   PAD
    0x08000a10   0x00000008   Code   RO         2808    .text               c_w.l(rt_locale_intlibspace.o)
    0x08000a18   0x0000008a   Code   RO         2810    .text               c_w.l(lludiv10.o)
    0x08000aa2   0x00000002   PAD
    0x08000aa4   0x00000080   Code   RO         2812    .text               c_w.l(_printf_fp_infnan.o)
    0x08000b24   0x000000dc   Code   RO         2816    .text               c_w.l(bigflt0.o)
    0x08000c00   0x00000008   Code   RO         2848    .text               c_w.l(libspace.o)
    0x08000c08   0x0000004a   Code   RO         2851    .text               c_w.l(sys_stackheap_outer.o)
    0x08000c52   0x0000000c   Code   RO         2853    .text               c_w.l(exit.o)
    0x08000c5e   0x00000002   PAD
    0x08000c60   0x00000080   Code   RO         2855    .text               c_w.l(strcmpv7m.o)
    0x08000ce0   0x0000000c   Code   RO         2927    .text               c_w.l(sys_exit.o)
    0x08000cec   0x00000002   Code   RO         2938    .text               c_w.l(use_no_semi.o)
    0x08000cee   0x00000000   Code   RO         2940    .text               c_w.l(indicate_semi.o)
    0x08000cee   0x0000003e   Code   RO         2819    CL$$btod_d2e        c_w.l(btod.o)
    0x08000d2c   0x00000046   Code   RO         2821    CL$$btod_d2e_denorm_low  c_w.l(btod.o)
    0x08000d72   0x00000060   Code   RO         2820    CL$$btod_d2e_norm_op1  c_w.l(btod.o)
    0x08000dd2   0x00000338   Code   RO         2829    CL$$btod_div_common  c_w.l(btod.o)
    0x0800110a   0x000000c6   Code   RO         2826    CL$$btod_e2e        c_w.l(btod.o)
    0x080011d0   0x00000028   Code   RO         2823    CL$$btod_ediv       c_w.l(btod.o)
    0x080011f8   0x00000028   Code   RO         2822    CL$$btod_emul       c_w.l(btod.o)
    0x08001220   0x00000244   Code   RO         2828    CL$$btod_mult_common  c_w.l(btod.o)
    0x08001464   0x00000016   Code   RO          842    i.ADC_Cmd           stm32f10x_adc.o
    0x0800147a   0x00000002   PAD
    0x0800147c   0x0000005c   Code   RO          844    i.ADC_DeInit        stm32f10x_adc.o
    0x080014d8   0x00000014   Code   RO          850    i.ADC_GetCalibrationStatus  stm32f10x_adc.o
    0x080014ec   0x00000008   Code   RO          851    i.ADC_GetConversionValue  stm32f10x_adc.o
    0x080014f4   0x00000012   Code   RO          853    i.ADC_GetFlagStatus  stm32f10x_adc.o
    0x08001506   0x00000014   Code   RO          856    i.ADC_GetResetCalibrationStatus  stm32f10x_adc.o
    0x0800151a   0x00000002   PAD
    0x0800151c   0x00000050   Code   RO          860    i.ADC_Init          stm32f10x_adc.o
    0x0800156c   0x000000b8   Code   RO          864    i.ADC_RegularChannelConfig  stm32f10x_adc.o
    0x08001624   0x0000000a   Code   RO          865    i.ADC_ResetCalibration  stm32f10x_adc.o
    0x0800162e   0x00000016   Code   RO          867    i.ADC_SoftwareStartConvCmd  stm32f10x_adc.o
    0x08001644   0x0000000a   Code   RO          869    i.ADC_StartCalibration  stm32f10x_adc.o
    0x0800164e   0x00000002   PAD
    0x08001650   0x00000068   Code   RO          504    i.BH1750_RecvACK    bh1750.o
    0x080016b8   0x00000078   Code   RO          505    i.BH1750_RecvByte   bh1750.o
    0x08001730   0x0000005c   Code   RO          506    i.BH1750_SendACK    bh1750.o
    0x0800178c   0x00000050   Code   RO          507    i.BH1750_SendByte   bh1750.o
    0x080017dc   0x00000030   Code   RO          508    i.BH1750_Start      bh1750.o
    0x0800180c   0x00000028   Code   RO          509    i.BH1750_Stop       bh1750.o
    0x08001834   0x0000001c   Code   RO          670    i.BKP_ReadBackupRegister  rtc.o
    0x08001850   0x0000001c   Code   RO          674    i.BKP_WriteBackupRegister  rtc.o
    0x0800186c   0x00000004   Code   RO            1    i.BusFault_Handler  code.o
    0x08001870   0x000000e8   Code   RO          399    i.DATA              lcd1602.o
    0x08001958   0x00000070   Code   RO          292    i.DHT11_Check       dht11.o
    0x080019c8   0x00000048   Code   RO          293    i.DHT11_Init        dht11.o
    0x08001a10   0x0000004c   Code   RO          294    i.DHT11_Read_Bit    dht11.o
    0x08001a5c   0x0000001e   Code   RO          295    i.DHT11_Read_Byte   dht11.o
    0x08001a7a   0x00000058   Code   RO          296    i.DHT11_Read_Data   dht11.o
    0x08001ad2   0x00000002   PAD
    0x08001ad4   0x00000040   Code   RO          297    i.DHT11_Rst         dht11.o
    0x08001b14   0x00000002   Code   RO            2    i.DebugMon_Handler  code.o
    0x08001b16   0x00000020   Code   RO          510    i.Delay_5us         bh1750.o
    0x08001b36   0x00000020   Code   RO          511    i.Delay_mms         bh1750.o
    0x08001b56   0x00000002   PAD
    0x08001b58   0x00000020   Code   RO          400    i.E                 lcd1602.o
    0x08001b78   0x0000000c   Code   RO         1058    i.FLASH_ClearFlag   stm32f10x_flash.o
    0x08001b84   0x0000004c   Code   RO         1063    i.FLASH_ErasePage   stm32f10x_flash.o
    0x08001bd0   0x00000034   Code   RO         1064    i.FLASH_GetBank1Status  stm32f10x_flash.o
    0x08001c04   0x00000014   Code   RO         1073    i.FLASH_Lock        stm32f10x_flash.o
    0x08001c18   0x0000006c   Code   RO         1078    i.FLASH_ProgramWord  stm32f10x_flash.o
    0x08001c84   0x00000018   Code   RO         1081    i.FLASH_Unlock      stm32f10x_flash.o
    0x08001c9c   0x00000026   Code   RO         1085    i.FLASH_WaitForLastOperation  stm32f10x_flash.o
    0x08001cc2   0x00000002   PAD
    0x08001cc4   0x000000cc   Code   RO            3    i.GP2Y_ADC_init     code.o
    0x08001d90   0x0000002c   Code   RO          512    i.GPIOConfig        bh1750.o
    0x08001dbc   0x00000068   Code   RO            4    i.GPIO_Configuration  code.o
    0x08001e24   0x0000002c   Code   RO          791    i.GPIO_Configuration_arofene  arofene.o
    0x08001e50   0x0000002c   Code   RO          615    i.GPIO_Configuration_sds011  sds011.o
    0x08001e7c   0x00000074   Code   RO          337    i.GPIO_Configuration_wifi  wifi.o
    0x08001ef0   0x00000116   Code   RO         1238    i.GPIO_Init         stm32f10x_gpio.o
    0x08002006   0x00000002   PAD
    0x08002008   0x00000090   Code   RO         1240    i.GPIO_PinRemapConfig  stm32f10x_gpio.o
    0x08002098   0x00000012   Code   RO         1242    i.GPIO_ReadInputDataBit  stm32f10x_gpio.o
    0x080020aa   0x00000004   Code   RO         1245    i.GPIO_ResetBits    stm32f10x_gpio.o
    0x080020ae   0x00000004   Code   RO         1246    i.GPIO_SetBits      stm32f10x_gpio.o
    0x080020b2   0x00000010   Code   RO         1247    i.GPIO_StructInit   stm32f10x_gpio.o
    0x080020c2   0x00000002   PAD
    0x080020c4   0x000000b8   Code   RO            6    i.GetGP2YSingleValue  code.o
    0x0800217c   0x0000005c   Code   RO          513    i.Get_gy30          bh1750.o
    0x080021d8   0x00000004   Code   RO            7    i.HardFault_Handler  code.o
    0x080021dc   0x0000000a   Code   RO          514    i.Init_BH1750       bh1750.o
    0x080021e6   0x0000003a   Code   RO          675    i.Is_Leap_Year      rtc.o
    0x08002220   0x00000016   Code   RO          401    i.L1602_Clear       lcd1602.o
    0x08002236   0x0000003a   Code   RO          405    i.L1602_init        lcd1602.o
    0x08002270   0x00000036   Code   RO          406    i.L1602_string      lcd1602.o
    0x080022a6   0x00000004   Code   RO            8    i.MemManage_Handler  code.o
    0x080022aa   0x00000002   Code   RO            9    i.NMI_Handler       code.o
    0x080022ac   0x0000002e   Code   RO           10    i.NVIC_Configuration  code.o
    0x080022da   0x00000028   Code   RO          792    i.NVIC_Configuration_arofene  arofene.o
    0x08002302   0x00000028   Code   RO          616    i.NVIC_Configuration_sds011  sds011.o
    0x0800232a   0x0000002e   Code   RO          338    i.NVIC_Configuration_wifi  wifi.o
    0x08002358   0x00000070   Code   RO           11    i.NVIC_Init         code.o
    0x080023c8   0x00000014   Code   RO           12    i.NVIC_PriorityGroupConfig  code.o
    0x080023dc   0x00000002   Code   RO           15    i.PendSV_Handler    code.o
    0x080023de   0x00000002   PAD
    0x080023e0   0x00000044   Code   RO          407    i.Port_Init_1602    lcd1602.o
    0x08002424   0x00000018   Code   RO         1610    i.RCC_ADCCLKConfig  stm32f10x_rcc.o
    0x0800243c   0x00000020   Code   RO         1612    i.RCC_APB1PeriphClockCmd  stm32f10x_rcc.o
    0x0800245c   0x00000020   Code   RO         1614    i.RCC_APB2PeriphClockCmd  stm32f10x_rcc.o
    0x0800247c   0x00000020   Code   RO         1615    i.RCC_APB2PeriphResetCmd  stm32f10x_rcc.o
    0x0800249c   0x00000028   Code   RO           16    i.RCC_Configuration  code.o
    0x080024c4   0x00000028   Code   RO          408    i.RCC_Configuration_1602  lcd1602.o
    0x080024ec   0x00000020   Code   RO          793    i.RCC_Configuration_arofene  arofene.o
    0x0800250c   0x00000020   Code   RO          617    i.RCC_Configuration_sds011  sds011.o
    0x0800252c   0x00000028   Code   RO          339    i.RCC_Configuration_wifi  wifi.o
    0x08002554   0x000000d4   Code   RO         1622    i.RCC_GetClocksFreq  stm32f10x_rcc.o
    0x08002628   0x00000020   Code   RO          409    i.RS                lcd1602.o
    0x08002648   0x00000010   Code   RO         1811    i.RTC_ClearITPendingBit  stm32f10x_rtc.o
    0x08002658   0x00000014   Code   RO         1812    i.RTC_EnterConfigMode  stm32f10x_rtc.o
    0x0800266c   0x00000014   Code   RO         1813    i.RTC_ExitConfigMode  stm32f10x_rtc.o
    0x08002680   0x000000ec   Code   RO          677    i.RTC_Get           rtc.o
    0x0800276c   0x00000014   Code   RO         1814    i.RTC_GetCounter    stm32f10x_rtc.o
    0x08002780   0x00000024   Code   RO         1817    i.RTC_GetITStatus   stm32f10x_rtc.o
    0x080027a4   0x00000028   Code   RO          678    i.RTC_IRQHandler    rtc.o
    0x080027cc   0x00000020   Code   RO         1818    i.RTC_ITConfig      stm32f10x_rtc.o
    0x080027ec   0x0000006c   Code   RO          679    i.RTC_Init          rtc.o
    0x08002858   0x000000bc   Code   RO          680    i.RTC_Set           rtc.o
    0x08002914   0x0000001c   Code   RO         1820    i.RTC_SetCounter    stm32f10x_rtc.o
    0x08002930   0x00000014   Code   RO         1822    i.RTC_WaitForLastTask  stm32f10x_rtc.o
    0x08002944   0x00000024   Code   RO         1823    i.RTC_WaitForSynchro  stm32f10x_rtc.o
    0x08002968   0x00000020   Code   RO          410    i.RW                lcd1602.o
    0x08002988   0x00000020   Code   RO          594    i.Read_Flash        flash.o
    0x080029a8   0x00000002   Code   RO           17    i.SVC_Handler       code.o
    0x080029aa   0x00000002   PAD
    0x080029ac   0x00000034   Code   RO          340    i.Send_Server       wifi.o
    0x080029e0   0x00000008   Code   RO         2635    i.SetSysClock       system_stm32f10x.o
    0x080029e8   0x000000e0   Code   RO         2636    i.SetSysClockTo72   system_stm32f10x.o
    0x08002ac8   0x0000001a   Code   RO          515    i.Single_Write_BH1750  bh1750.o
    0x08002ae2   0x00000028   Code   RO           18    i.SysTick_CLKSourceConfig  code.o
    0x08002b0a   0x00000002   Code   RO           19    i.SysTick_Handler   code.o
    0x08002b0c   0x00000060   Code   RO         2638    i.SystemInit        system_stm32f10x.o
    0x08002b6c   0x00000098   Code   RO          794    i.USART1_IRQHandler  arofene.o
    0x08002c04   0x000000a4   Code   RO          341    i.USART2_IRQHandler  wifi.o
    0x08002ca8   0x000000d4   Code   RO          618    i.USART3_IRQHandler  sds011.o
    0x08002d7c   0x00000018   Code   RO         2452    i.USART_Cmd         stm32f10x_usart.o
    0x08002d94   0x00000044   Code   RO          795    i.USART_Configuration_arofene  arofene.o
    0x08002dd8   0x00000044   Code   RO          619    i.USART_Configuration_sds011  sds011.o
    0x08002e1c   0x00000050   Code   RO          342    i.USART_Configuration_wifi  wifi.o
    0x08002e6c   0x00000054   Code   RO         2456    i.USART_GetITStatus  stm32f10x_usart.o
    0x08002ec0   0x0000004a   Code   RO         2458    i.USART_ITConfig    stm32f10x_usart.o
    0x08002f0a   0x00000002   PAD
    0x08002f0c   0x000000d8   Code   RO         2459    i.USART_Init        stm32f10x_usart.o
    0x08002fe4   0x0000000a   Code   RO         2466    i.USART_ReceiveData  stm32f10x_usart.o
    0x08002fee   0x00000008   Code   RO         2469    i.USART_SendData    stm32f10x_usart.o
    0x08002ff6   0x00000004   Code   RO           20    i.UsageFault_Handler  code.o
    0x08002ffa   0x00000014   Code   RO          343    i.WIFI_UART_INIT    wifi.o
    0x0800300e   0x00000002   PAD
    0x08003010   0x00000068   Code   RO          595    i.Write_Flash       flash.o
    0x08003078   0x00000028   Code   RO         2846    i.__ARM_fpclassify  m_ws.l(fpclassify.o)
    0x080030a0   0x0000000e   Code   RO         2712    i._is_digit         c_w.l(__printf_wp.o)
    0x080030ae   0x00000014   Code   RO          796    i.arofene_USART_Init  arofene.o
    0x080030c2   0x0000001e   Code   RO          411    i.delay             lcd1602.o
    0x080030e0   0x00000044   Code   RO          254    i.delay_init        delay.o
    0x08003124   0x0000004c   Code   RO          255    i.delay_ms          delay.o
    0x08003170   0x00000020   Code   RO           21    i.delay_nms         code.o
    0x08003190   0x0000004c   Code   RO          256    i.delay_us          delay.o
    0x080031dc   0x00000036   Code   RO          412    i.enable            lcd1602.o
    0x08003212   0x00000002   PAD
    0x08003214   0x0000001c   Code   RO          413    i.l1602_INIT        lcd1602.o
    0x08003230   0x00000468   Code   RO           22    i.main              code.o
    0x08003698   0x00000044   Code   RO          516    i.mread             bh1750.o
    0x080036dc   0x00000014   Code   RO          620    i.sds011_USART_Init  sds011.o
    0x080036f0   0x00000036   Code   RO          414    i.write             lcd1602.o
    0x08003726   0x00000002   PAD
    0x08003728   0x0000002c   Code   RO         2842    locale$$code        c_w.l(lc_numeric_c.o)
    0x08003754   0x00000062   Code   RO         2735    x$fpl$d2f           fz_ws.l(d2f.o)
    0x080037b6   0x00000002   PAD
    0x080037b8   0x000002b0   Code   RO         2738    x$fpl$ddiv          fz_ws.l(ddiv.o)
    0x08003a68   0x0000002e   Code   RO         2742    x$fpl$dflt          fz_ws.l(dflt_clz.o)
    0x08003a96   0x00000026   Code   RO         2741    x$fpl$dfltu         fz_ws.l(dflt_clz.o)
    0x08003abc   0x00000154   Code   RO         2747    x$fpl$dmul          fz_ws.l(dmul.o)
    0x08003c10   0x0000009c   Code   RO         2781    x$fpl$dnaninf       fz_ws.l(dnaninf.o)
    0x08003cac   0x0000000c   Code   RO         2783    x$fpl$dretinf       fz_ws.l(dretinf.o)
    0x08003cb8   0x00000056   Code   RO         2749    x$fpl$f2d           fz_ws.l(f2d.o)
    0x08003d0e   0x00000002   PAD
    0x08003d10   0x000000c4   Code   RO         2751    x$fpl$fadd          fz_ws.l(faddsub_clz.o)
    0x08003dd4   0x00000184   Code   RO         2758    x$fpl$fdiv          fz_ws.l(fdiv.o)
    0x08003f58   0x0000003e   Code   RO         2761    x$fpl$ffixu         fz_ws.l(ffixu.o)
    0x08003f96   0x00000002   PAD
    0x08003f98   0x00000102   Code   RO         2765    x$fpl$fmul          fz_ws.l(fmul.o)
    0x0800409a   0x0000008c   Code   RO         2785    x$fpl$fnaninf       fz_ws.l(fnaninf.o)
    0x08004126   0x0000000a   Code   RO         2787    x$fpl$fretinf       fz_ws.l(fretinf.o)
    0x08004130   0x000000ea   Code   RO         2753    x$fpl$fsub          fz_ws.l(faddsub_clz.o)
    0x0800421a   0x00000004   Code   RO         2767    x$fpl$printf1       fz_ws.l(printf1.o)
    0x0800421e   0x00000000   Code   RO         2789    x$fpl$usenofp       fz_ws.l(usenofp.o)
    0x0800421e   0x0000000c   Data   RO          682    .constdata          rtc.o
    0x0800422a   0x00000028   Data   RO         2685    .constdata          c_w.l(_printf_hex_int.o)
    0x08004252   0x00000002   PAD
    0x08004254   0x00000094   Data   RO         2817    .constdata          c_w.l(bigflt0.o)
    0x080042e8   0x00000020   Data   RO         2986    Region$$Table       anon$$obj.o
    0x08004308   0x0000001c   Data   RO         2841    locale$$data        c_w.l(lc_numeric_c.o)


    Execution Region RW_IRAM1 (Base: 0x20000000, Size: 0x00000c68, Max: 0x00005000, ABSOLUTE)

    Base Addr    Size         Type   Attr      Idx    E Section Name        Object

    0x20000000   0x00000040   Data   RW           24    .data               code.o
    0x20000040   0x00000004   Data   RW          257    .data               delay.o
    0x20000044   0x0000000e   Data   RW          345    .data               wifi.o
    0x20000052   0x00000002   PAD
    0x20000054   0x00000010   Data   RW          517    .data               bh1750.o
    0x20000064   0x00000014   Data   RW          621    .data               sds011.o
    0x20000078   0x00000002   Data   RW          683    .data               rtc.o
    0x2000007a   0x00000002   PAD
    0x2000007c   0x00000010   Data   RW          797    .data               arofene.o
    0x2000008c   0x00000014   Data   RW         1642    .data               stm32f10x_rcc.o
    0x200000a0   0x00000014   Data   RW         2639    .data               system_stm32f10x.o
    0x200000b4   0x000002b3   Zero   RW           23    .bss                code.o
    0x20000367   0x00000290   Zero   RW          344    .bss                wifi.o
    0x200005f7   0x00000001   PAD
    0x200005f8   0x0000000a   Zero   RW          681    .bss                rtc.o
    0x20000602   0x00000002   PAD
    0x20000604   0x00000060   Zero   RW         2849    .bss                c_w.l(libspace.o)
    0x20000664   0x00000004   PAD
    0x20000668   0x00000200   Zero   RW         2629    HEAP                startup_stm32f10x_md.o
    0x20000868   0x00000400   Zero   RW         2628    STACK               startup_stm32f10x_md.o


==============================================================================

Image component sizes


      Code (inc. data)   RO Data    RW Data    ZI Data      Debug   Object Name

       356         38          0         16          0       3149   arofene.o
       788         56          0         16          0       6878   bh1750.o
      1936        372          0         64        691     258909   code.o
         0          0          0          0          0         32   core_cm3.o
       220         26          0          4          0       1535   delay.o
       442         40          0          0          0       3464   dht11.o
       136         12          0          0          0       1583   flash.o
       736         32          0          0          0       6211   lcd1602.o
       686         50         12          2         10       5835   rtc.o
       416         50          0         20          0       3333   sds011.o
        64         26        236          0       1536        808   startup_stm32f10x_md.o
       486         24          0          0          0       8710   stm32f10x_adc.o
       330         38          0          0          0       5452   stm32f10x_flash.o
       464          6          0          0          0       5088   stm32f10x_gpio.o
       332         44          0         20          0       5614   stm32f10x_rcc.o
       228         42          0          0          0       4745   stm32f10x_rtc.o
       416          6          0          0          0       5595   stm32f10x_usart.o
       328         28          0         20          0       2201   system_stm32f10x.o
       518         58          0         14        656       4678   wifi.o

    ----------------------------------------------------------------------
      8910        948        280        180       2896     333820   Object Totals
         0          0         32          0          0          0   (incl. Generated)
        28          0          0          4          3          0   (incl. Padding)

    ----------------------------------------------------------------------

      Code (inc. data)   RO Data    RW Data    ZI Data      Debug   Library Member Name

         8          0          0          0          0         68   __main.o
       284          0          0          0          0        156   __printf_wp.o
         0          0          0          0          0          0   __rtentry.o
        12          0          0          0          0          0   __rtentry2.o
         6          0          0          0          0          0   __rtentry4.o
        52          8          0          0          0          0   __scatter.o
        26          0          0          0          0          0   __scatter_copy.o
        28          0          0          0          0          0   __scatter_zi.o
         6          0          0          0          0          0   _printf_c.o
        44          0          0          0          0        108   _printf_char.o
        48          6          0          0          0         96   _printf_char_common.o
         6          0          0          0          0          0   _printf_d.o
       120         16          0          0          0         92   _printf_dec.o
         6          0          0          0          0          0   _printf_f.o
      1050          0          0          0          0        216   _printf_fp_dec.o
       128         16          0          0          0         84   _printf_fp_infnan.o
        88          4         40          0          0         88   _printf_hex_int.o
       178          0          0          0          0         88   _printf_intcommon.o
         0          0          0          0          0          0   _printf_percent.o
         4          0          0          0          0          0   _printf_percent_end.o
        82          0          0          0          0         80   _printf_str.o
         6          0          0          0          0          0   _printf_x.o
        10          0          0          0          0         68   _sputc.o
       220          4        148          0          0         96   bigflt0.o
      1910        128          0          0          0        672   btod.o
        12          0          0          0          0         72   exit.o
         6          0          0          0          0        152   heapauxi.o
         0          0          0          0          0          0   indicate_semi.o
        44         10         28          0          0         76   lc_numeric_c.o
         2          0          0          0          0          0   libinit.o
        18          0          0          0          0          0   libinit2.o
         2          0          0          0          0          0   libshutdown.o
         2          0          0          0          0          0   libshutdown2.o
         8          4          0          0         96         68   libspace.o
       138          0          0          0          0         80   lludiv10.o
        40          6          0          0          0         84   noretval__2sprintf.o
         8          4          0          0          0         68   rt_locale_intlibspace.o
         2          0          0          0          0          0   rtexit.o
        10          0          0          0          0          0   rtexit2.o
       128          0          0          0          0         68   strcmpv7m.o
        72          0          0          0          0         80   strcpy.o
        62          0          0          0          0         76   strlen.o
        12          4          0          0          0         68   sys_exit.o
        74          0          0          0          0         80   sys_stackheap_outer.o
         2          0          0          0          0         68   use_no_semi.o
        98          4          0          0          0         92   d2f.o
       688        140          0          0          0        208   ddiv.o
        84          0          0          0          0        136   dflt_clz.o
       340         12          0          0          0        104   dmul.o
       156          4          0          0          0         92   dnaninf.o
        12          0          0          0          0         68   dretinf.o
        86          4          0          0          0         84   f2d.o
       430          8          0          0          0        168   faddsub_clz.o
       388         76          0          0          0         96   fdiv.o
        62          4          0          0          0         84   ffixu.o
       258          4          0          0          0         84   fmul.o
       140          4          0          0          0         84   fnaninf.o
        10          0          0          0          0         68   fretinf.o
         4          0          0          0          0         68   printf1.o
         0          0          0          0          0          0   usenofp.o
        40          0          0          0          0         68   fpclassify.o

    ----------------------------------------------------------------------
      7780        470        218          0        100       4456   Library Totals
        20          0          2          0          4          0   (incl. Padding)

    ----------------------------------------------------------------------

      Code (inc. data)   RO Data    RW Data    ZI Data      Debug   Library Name

      4964        210        216          0         96       2952   c_w.l
      2756        260          0          0          0       1436   fz_ws.l
        40          0          0          0          0         68   m_ws.l

    ----------------------------------------------------------------------
      7780        470        218          0        100       4456   Library Totals

    ----------------------------------------------------------------------

==============================================================================


      Code (inc. data)   RO Data    RW Data    ZI Data      Debug   

     16690       1418        498        180       2996     329380   Grand Totals
     16690       1418        498        180       2996     329380   ELF Image Totals
     16690       1418        498        180          0          0   ROM Totals

==============================================================================

    Total RO  Size (Code + RO Data)                17188 (  16.79kB)
    Total RW  Size (RW Data + ZI Data)              3176 (   3.10kB)
    Total ROM Size (Code + RO Data + RW Data)      17368 (  16.96kB)

==============================================================================

